<?xml version="1.0" encoding="utf-8"?>
<TestRun id="1ebfe858-7c15-4ae4-a22f-d749c33eff7c" name="jsrkm@JSRKMANISHKUMAR 2026-09-20 21:27:32" runUser="JSRKMANISHKUMAR\jsrkm" xmlns="http://microsoft.com/schemas/VisualStudio/TeamTest/2010">
  <Times creation="2026-09-20T21:27:32.1580698+05:30" queuing="2026-09-20T21:27:32.1580700+05:30" start="2026-09-20T21:27:24.5563211+05:30" finish="2026-09-20T21:27:32.1585587+05:30" />
  <TestSettings name="default" id="16485346-94fc-419f-bfd7-e1344783571e">
    <Deployment runDeploymentRoot="jsrkm_JSRKMANISHKUMAR_2026-09-20_21_27_32" />
  </TestSettings>
  <TestLists>
    <TestList name="Results Not in a List" id="8c84fa94-04c1-424b-9868-57a2d4851a1d" />
    <TestList name="All Loaded Results" id="19431567-8539-422a-85d7-44ee4e166bda" />
  </TestLists>
  <ResultSummary outcome="Failed">
    <Counters total="0" executed="0" passed="0" failed="0" error="0" timeout="0" aborted="0" inconclusive="0" passedButRunAborted="0" notRunnable="0" notExecuted="0" disconnected="0" warning="0" completed="0" inProgress="0" pending="0" />
    <Output>
      <StdOut>[xUnit.net 00:00:00.00] xUnit.net VSTest Adapter v3.1.4+50e68bbb8b (64-bit .NET 10.0.11)&#xD;
</StdOut>
    </Output>
    <RunInfos>
      <RunInfo computerName="JSRKMANISHKUMAR" outcome="Error" timestamp="2026-09-20T21:27:32.0745605+05:30">
        <Text>[xUnit.net 00:00:06.87] SoftwareManagement.Api.IntegrationTests: Catastrophic failure: System.IO.FileLoadException: Could not load file or assembly 'G:\software-management\backend\tests\SoftwareManagement.Api.IntegrationTests\bin\Release\net10.0\SoftwareManagement.Api.dll'. An Application Control policy has blocked this file. (0x800711C7)&#xD;
File name: 'G:\software-management\backend\tests\SoftwareManagement.Api.IntegrationTests\bin\Release\net10.0\SoftwareManagement.Api.dll'&#xD;
   at System.Reflection.RuntimeAssembly.GetExportedTypes()&#xD;
   at Xunit.Sdk.ReflectionAssemblyInfo.GetTypes(Boolean includePrivateTypes) in /_/src/xunit.execution/Sdk/Reflection/ReflectionAssemblyInfo.cs:line 80&#xD;
   at Xunit.Sdk.TestCollectionFactoryHelper.GetTestCollectionDefinitions(IAssemblyInfo assemblyInfo, IMessageSink diagnosticMessageSink) in /_/src/xunit.execution/Sdk/Frameworks/TestCollectionFactoryHelper.cs:line 22&#xD;
   at Xunit.Sdk.CollectionPerClassTestCollectionFactory..ctor(ITestAssembly testAssembly, IMessageSink diagnosticMessageSink) in /_/src/xunit.execution/Sdk/Frameworks/CollectionPerClassTestCollectionFactory.cs:line 27&#xD;
   at Xunit.Sdk.ExtensibilityPointFactory.GetXunitTestCollectionFactory(IMessageSink diagnosticMessageSink, IAttributeInfo collectionBehaviorAttribute, ITestAssembly testAssembly) in /_/src/xunit.execution/Sdk/ExtensibilityPointFactory.cs:line 245&#xD;
   at Xunit.Sdk.XunitTestFrameworkDiscoverer..ctor(IAssemblyInfo assemblyInfo, ISourceInformationProvider sourceProvider, IMessageSink diagnosticMessageSink, IXunitTestCollectionFactory collectionFactory) in /_/src/xunit.execution/Sdk/Frameworks/XunitTestFrameworkDiscoverer.cs:line 45&#xD;
   at Xunit.Sdk.XunitTestFramework.CreateDiscoverer(IAssemblyInfo assemblyInfo) in /_/src/xunit.execution/Sdk/Frameworks/XunitTestFramework.cs:line 21&#xD;
   at Xunit.Sdk.TestFramework.GetDiscoverer(IAssemblyInfo assemblyInfo) in /_/src/xunit.execution/Sdk/Frameworks/TestFramework.cs:line 71&#xD;
   at Xunit.Sdk.TestFrameworkProxy.GetDiscoverer(IAssemblyInfo assembly) in /_/src/xunit.execution/Sdk/Frameworks/TestFrameworkProxy.cs:line 68&#xD;
   at Xunit.Runner.v2.Xunit2..ctor(IMessageSink diagnosticMessageSink, AppDomainSupport appDomainSupport, ISourceInformationProvider sourceInformationProvider, IAssemblyInfo assemblyInfo, String assemblyFileName, String xunitExecutionAssemblyPath, String configFileName, Boolean shadowCopy, String shadowCopyFolder, Boolean verifyAssembliesOnDisk)&#xD;
   at Xunit.Runner.v2.Xunit2.ForDiscoveryAndExecution(XunitProjectAssembly projectAssembly, ISourceInformationProvider sourceInformationProvider, IMessageSink diagnosticMessageSink, Boolean verifyAssembliesOnDisk)&#xD;
   at Xunit.XunitFrontController.Create(XunitProjectAssembly projectAssembly, ISourceInformationProvider sourceInformationProvider, IMessageSink diagnosticMessageSink, ITestProcessLauncher testProcessLauncher)&#xD;
   at Xunit.Runner.VisualStudio.VsTestRunner.RunTestsInAssembly(IRunContext runContext, IFrameworkHandle frameworkHandle, LoggerHelper logger, TestPlatformContext testPlatformContext, RunSettings runSettings, IMessageSink reporterMessageHandler, AssemblyRunInfo runInfo)&#xD;
   at Xunit.Runner.VisualStudio.VsTestRunner.RunTestsInAssembly(IRunContext runContext, IFrameworkHandle frameworkHandle, LoggerHelper logger, TestPlatformContext testPlatformContext, RunSettings runSettings, IMessageSink reporterMessageHandler, AssemblyRunInfo runInfo)</Text>
      </RunInfo>
      <RunInfo computerName="JSRKMANISHKUMAR" outcome="Warning" timestamp="2026-09-20T21:27:32.0768283+05:30">
        <Text>No test is available in G:\software-management\backend\tests\SoftwareManagement.Api.IntegrationTests\bin\Release\net10.0\SoftwareManagement.Api.IntegrationTests.dll. Make sure that test discoverer &amp; executors are registered and platform &amp; framework version settings are appropriate and try again.</Text>
      </RunInfo>
    </RunInfos>
  </ResultSummary>
</TestRun>