<?xml version="1.0" encoding="utf-8"?>
<TestRun id="7d565697-2f9d-47db-83c7-98caa4ef26e9" name="jsrkm@JSRKMANISHKUMAR 2026-09-08 06:41:00" runUser="JSRKMANISHKUMAR\jsrkm" xmlns="http://microsoft.com/schemas/VisualStudio/TeamTest/2010">
  <Times creation="2026-09-08T06:41:00.4531284+05:30" queuing="2026-09-08T06:41:00.4531287+05:30" start="2026-09-08T06:40:43.2803855+05:30" finish="2026-09-08T06:41:07.5296650+05:30" />
  <TestSettings name="default" id="446b030d-e379-4883-b93c-a70e206984d2">
    <Deployment runDeploymentRoot="jsrkm_JSRKMANISHKUMAR_2026-09-08_06_41_00" />
  </TestSettings>
  <Results>
    <UnitTestResult executionId="15291a9e-ddcd-41c8-9e90-daa8c8ad0c0b" testId="bb35a0d0-7d94-9cbb-7ef3-55c9a9b91774" testName="SoftwareManagement.Api.IntegrationTests.Identity.UserAdministrationTests.REQ_IAM_006_Returns409_WhenTheEmailAddressIsAlreadyRegistered" computerName="JSRKMANISHKUMAR" duration="00:00:00.0719057" startTime="2026-09-08T06:41:04.4458139+05:30" endTime="2026-09-08T06:41:04.5181298+05:30" testType="13cdc9d9-ddb5-4fa4-a97d-d965ccfc6d4b" outcome="Passed" testListId="8c84fa94-04c1-424b-9868-57a2d4851a1d" relativeResultsDirectory="15291a9e-ddcd-41c8-9e90-daa8c8ad0c0b" />
    <UnitTestResult executionId="65e203a7-bb17-4abc-ac2d-7ac2d21d570e" testId="67104cfb-2d99-ca3b-a6de-921b91db5cfb" testName="SoftwareManagement.Api.IntegrationTests.Identity.AuthenticationTests.REQ_IAM_003_IssuesANewTokenPairAndRetiresTheOldRefreshToken" computerName="JSRKMANISHKUMAR" duration="00:00:00.0827399" startTime="2026-09-08T06:41:06.8807886+05:30" endTime="2026-09-08T06:41:06.9640048+05:30" testType="13cdc9d9-ddb5-4fa4-a97d-d965ccfc6d4b" outcome="Passed" testListId="8c84fa94-04c1-424b-9868-57a2d4851a1d" relativeResultsDirectory="65e203a7-bb17-4abc-ac2d-7ac2d21d570e" />
    <UnitTestResult executionId="0c687273-dde8-4a7e-879d-6c9317e0913d" testId="c5c217b9-8153-f09b-bef0-caa078e30f9d" testName="SoftwareManagement.Api.IntegrationTests.Identity.UserAdministrationTests.REQ_IAM_006_ListsUsersForTheAuditorButRefusesTheEditor" computerName="JSRKMANISHKUMAR" duration="00:00:00.2119978" startTime="2026-09-08T06:41:03.3788245+05:30" endTime="2026-09-08T06:41:03.5911183+05:30" testType="13cdc9d9-ddb5-4fa4-a97d-d965ccfc6d4b" outcome="Passed" testListId="8c84fa94-04c1-424b-9868-57a2d4851a1d" relativeResultsDirectory="0c687273-dde8-4a7e-879d-6c9317e0913d" />
    <UnitTestResult executionId="90d23a7f-b904-4c56-b4b4-67f3e01d2afc" testId="36b625fb-743b-53a8-b934-35c4775d4639" testName="SoftwareManagement.Api.IntegrationTests.InfrastructureRegistrationTests.AddInfrastructure_Throws_WhenTheConnectionStringIsMissing" computerName="JSRKMANISHKUMAR" duration="00:00:00.0159126" startTime="2026-09-08T06:41:00.4402322+05:30" endTime="2026-09-08T06:41:00.4405574+05:30" testType="13cdc9d9-ddb5-4fa4-a97d-d965ccfc6d4b" outcome="Passed" testListId="8c84fa94-04c1-424b-9868-57a2d4851a1d" relativeResultsDirectory="90d23a7f-b904-4c56-b4b4-67f3e01d2afc" />
    <UnitTestResult executionId="1fa9c52e-dfad-4681-89ad-efbb58eb8c5d" testId="33e405e1-dace-7f47-bbb0-f632a0a4e6d2" testName="SoftwareManagement.Api.IntegrationTests.InfrastructureRegistrationTests.AddInfrastructure_Throws_WhenTheConnectionStringIsBlank" computerName="JSRKMANISHKUMAR" duration="00:00:00.0089987" startTime="2026-09-08T06:41:00.4396828+05:30" endTime="2026-09-08T06:41:00.4397867+05:30" testType="13cdc9d9-ddb5-4fa4-a97d-d965ccfc6d4b" outcome="Passed" testListId="8c84fa94-04c1-424b-9868-57a2d4851a1d" relativeResultsDirectory="1fa9c52e-dfad-4681-89ad-efbb58eb8c5d" />
    <UnitTestResult executionId="78837393-257b-41d5-9cf4-3eb62f576371" testId="10fc1172-5b9a-e433-95fe-23acc6955168" testName="SoftwareManagement.Api.IntegrationTests.Identity.AuthenticationTests.REQ_IAM_012_DoesNotDemandACode_WhenTwoFactorIsNotEnrolled" computerName="JSRKMANISHKUMAR" duration="00:00:00.0796018" startTime="2026-09-08T06:41:06.8005748+05:30" endTime="2026-09-08T06:41:06.8806094+05:30" testType="13cdc9d9-ddb5-4fa4-a97d-d965ccfc6d4b" outcome="Passed" testListId="8c84fa94-04c1-424b-9868-57a2d4851a1d" relativeResultsDirectory="78837393-257b-41d5-9cf4-3eb62f576371" />
    <UnitTestResult executionId="c2ae7ac3-fa51-4337-8376-d055da46bc69" testId="c1b786ea-62fc-47f0-9036-6d3c5242383f" testName="SoftwareManagement.Api.IntegrationTests.Identity.AuthenticationTests.REQ_IAM_002_LocksTheAccountEvenWhenTheSixthAttemptUsesTheCorrectPassword" computerName="JSRKMANISHKUMAR" duration="00:00:00.4778823" startTime="2026-09-08T06:41:06.3218380+05:30" endTime="2026-09-08T06:41:06.8003831+05:30" testType="13cdc9d9-ddb5-4fa4-a97d-d965ccfc6d4b" outcome="Passed" testListId="8c84fa94-04c1-424b-9868-57a2d4851a1d" relativeResultsDirectory="c2ae7ac3-fa51-4337-8376-d055da46bc69" />
    <UnitTestResult executionId="7243e017-be3e-44f7-8fab-00a0e0008c7f" testId="47d95d40-350a-876b-e176-8c8fcf147901" testName="SoftwareManagement.Api.IntegrationTests.Identity.UserAdministrationTests.REQ_IAM_004_ChangesAUsersRoleAndAuditsTheChange" computerName="JSRKMANISHKUMAR" duration="00:00:00.2564138" startTime="2026-09-08T06:41:03.7027005+05:30" endTime="2026-09-08T06:41:03.9591268+05:30" testType="13cdc9d9-ddb5-4fa4-a97d-d965ccfc6d4b" outcome="Passed" testListId="8c84fa94-04c1-424b-9868-57a2d4851a1d" relativeResultsDirectory="7243e017-be3e-44f7-8fab-00a0e0008c7f" />
    <UnitTestResult executionId="65c1c8ec-607a-4d98-8198-13b2b0e7cb15" testId="3a758d35-dec5-2d83-36d5-403609f335f3" testName="SoftwareManagement.Api.IntegrationTests.Identity.UserAdministrationTests.REQ_IAM_006_Returns422_ForARoleThatDoesNotExist" computerName="JSRKMANISHKUMAR" duration="00:00:01.2617457" startTime="2026-09-08T06:41:02.1164540+05:30" endTime="2026-09-08T06:41:03.3786146+05:30" testType="13cdc9d9-ddb5-4fa4-a97d-d965ccfc6d4b" outcome="Passed" testListId="8c84fa94-04c1-424b-9868-57a2d4851a1d" relativeResultsDirectory="65c1c8ec-607a-4d98-8198-13b2b0e7cb15" />
    <UnitTestResult executionId="d7993b07-0332-4281-8e95-04642901648f" testId="08351177-d710-4c67-897f-ff7aba5eadea" testName="SoftwareManagement.Api.IntegrationTests.ReadinessTests.MigrationsHistory_ContainsTheInitialMigration_SoTheSchemaIsBuiltFromMigrationsAlone" computerName="JSRKMANISHKUMAR" duration="00:00:00.0159053" startTime="2026-09-08T06:41:02.8079943+05:30" endTime="2026-09-08T06:41:02.8524724+05:30" testType="13cdc9d9-ddb5-4fa4-a97d-d965ccfc6d4b" outcome="Passed" testListId="8c84fa94-04c1-424b-9868-57a2d4851a1d" relativeResultsDirectory="d7993b07-0332-4281-8e95-04642901648f" />
    <UnitTestResult executionId="e9cf7fb7-f07d-4b66-9139-37516d2aa439" testId="acc4675e-1897-51f7-93d1-72a0bb0db28b" testName="SoftwareManagement.Api.IntegrationTests.Identity.AuthenticationTests.REQ_IAM_001_Returns401WithoutRevealingWhichPartWasWrong_ForABadPassword" computerName="JSRKMANISHKUMAR" duration="00:00:00.1402760" startTime="2026-09-08T06:41:06.9642056+05:30" endTime="2026-09-08T06:41:07.1049068+05:30" testType="13cdc9d9-ddb5-4fa4-a97d-d965ccfc6d4b" outcome="Passed" testListId="8c84fa94-04c1-424b-9868-57a2d4851a1d" relativeResultsDirectory="e9cf7fb7-f07d-4b66-9139-37516d2aa439" />
    <UnitTestResult executionId="35ff5124-b102-49fb-b600-cce63a30e201" testId="432c57b3-afaf-a2a2-6e25-ae83353508e5" testName="SoftwareManagement.Api.IntegrationTests.Identity.AuthenticationTests.REQ_IAM_008_Returns202ForAnyAddress_SoTheEndpointCannotEnumerateAccounts" computerName="JSRKMANISHKUMAR" duration="00:00:00.0231493" startTime="2026-09-08T06:41:07.3853023+05:30" endTime="2026-09-08T06:41:07.4087208+05:30" testType="13cdc9d9-ddb5-4fa4-a97d-d965ccfc6d4b" outcome="Passed" testListId="8c84fa94-04c1-424b-9868-57a2d4851a1d" relativeResultsDirectory="35ff5124-b102-49fb-b600-cce63a30e201" />
    <UnitTestResult executionId="caaae1c4-c1de-4749-8754-ac1835822469" testId="38c2c976-d411-7f6f-0d78-bfd32eb44a8c" testName="SoftwareManagement.Api.IntegrationTests.InfrastructureRegistrationTests.DesignTimeFactory_CreatesAContextSoMigrationsCanBeGeneratedWithoutStartingTheApi" computerName="JSRKMANISHKUMAR" duration="00:00:06.5461425" startTime="2026-09-08T06:40:53.8896398+05:30" endTime="2026-09-08T06:41:00.4104859+05:30" testType="13cdc9d9-ddb5-4fa4-a97d-d965ccfc6d4b" outcome="Passed" testListId="8c84fa94-04c1-424b-9868-57a2d4851a1d" relativeResultsDirectory="caaae1c4-c1de-4749-8754-ac1835822469" />
    <UnitTestResult executionId="7b752a39-55a4-430b-8087-9a521d33ab7c" testId="29c6d260-cd84-ff3c-82a8-89b2873feef9" testName="SoftwareManagement.Api.IntegrationTests.PipelineTests.PublicPing_IsReachableAnonymously" computerName="JSRKMANISHKUMAR" duration="00:00:00.0156042" startTime="2026-09-08T06:41:02.8518135+05:30" endTime="2026-09-08T06:41:02.8660670+05:30" testType="13cdc9d9-ddb5-4fa4-a97d-d965ccfc6d4b" outcome="Passed" testListId="8c84fa94-04c1-424b-9868-57a2d4851a1d" relativeResultsDirectory="7b752a39-55a4-430b-8087-9a521d33ab7c" />
    <UnitTestResult executionId="522aa6ca-6ca8-4e49-b1c9-a65a837f0663" testId="d730ccfd-ed80-6d44-d6b0-13ca355d9450" testName="SoftwareManagement.Api.IntegrationTests.Identity.UserAdministrationTests.REQ_IAM_007_EndsAccessImmediatelyAndRevokesTheRefreshToken" computerName="JSRKMANISHKUMAR" duration="00:00:00.2759966" startTime="2026-09-08T06:41:04.0555669+05:30" endTime="2026-09-08T06:41:04.3321228+05:30" testType="13cdc9d9-ddb5-4fa4-a97d-d965ccfc6d4b" outcome="Passed" testListId="8c84fa94-04c1-424b-9868-57a2d4851a1d" relativeResultsDirectory="522aa6ca-6ca8-4e49-b1c9-a65a837f0663" />
    <UnitTestResult executionId="32eecf6b-f07b-4a88-b271-61765621d772" testId="1ebd049f-ce84-7c2d-ca03-5e2a53c1eed6" testName="SoftwareManagement.Api.IntegrationTests.Identity.AuthenticationTests.REQ_IAM_002_Returns423_OnTheSixthFailureWithinTheWindow" computerName="JSRKMANISHKUMAR" duration="00:00:00.3381990" startTime="2026-09-08T06:41:05.7246713+05:30" endTime="2026-09-08T06:41:06.0631795+05:30" testType="13cdc9d9-ddb5-4fa4-a97d-d965ccfc6d4b" outcome="Passed" testListId="8c84fa94-04c1-424b-9868-57a2d4851a1d" relativeResultsDirectory="32eecf6b-f07b-4a88-b271-61765621d772" />
    <UnitTestResult executionId="b9564fac-f676-42e9-b7cf-eabb7468f251" testId="75d5ef8f-7fb6-297d-e9fd-082e02e1058f" testName="SoftwareManagement.Api.IntegrationTests.Identity.AuthorizationMatrixTests.REQ_IAM_004_GivesEachRoleExactlyThePermissionsTheMatrixGrantsIt" computerName="JSRKMANISHKUMAR" duration="00:00:00.3894444" startTime="2026-09-08T06:41:04.6242855+05:30" endTime="2026-09-08T06:41:05.0144344+05:30" testType="13cdc9d9-ddb5-4fa4-a97d-d965ccfc6d4b" outcome="Passed" testListId="8c84fa94-04c1-424b-9868-57a2d4851a1d" relativeResultsDirectory="b9564fac-f676-42e9-b7cf-eabb7468f251" />
    <UnitTestResult executionId="33086e5a-a2c6-4d87-b7e4-4e7e5ed02934" testId="3d570c9d-2ba2-a592-02f6-6820e6520f89" testName="SoftwareManagement.Api.IntegrationTests.Identity.AuthenticationTests.REQ_IAM_003_Returns401AndRevokesTheWholeChain_WhenARotatedTokenIsPresentedAgain" computerName="JSRKMANISHKUMAR" duration="00:00:00.1103327" startTime="2026-09-08T06:41:06.2109184+05:30" endTime="2026-09-08T06:41:06.3216373+05:30" testType="13cdc9d9-ddb5-4fa4-a97d-d965ccfc6d4b" outcome="Passed" testListId="8c84fa94-04c1-424b-9868-57a2d4851a1d" relativeResultsDirectory="33086e5a-a2c6-4d87-b7e4-4e7e5ed02934" />
    <UnitTestResult executionId="39451773-1828-4bd0-88f7-45d4befb6b40" testId="25aa2c9d-09b1-324e-abe7-8b3f9aaf54dc" testName="SoftwareManagement.Api.IntegrationTests.Identity.AuthenticationTests.REQ_IAM_010_Returns401_ForAnAnonymousLogout" computerName="JSRKMANISHKUMAR" duration="00:00:00.0033032" startTime="2026-09-08T06:41:07.3818230+05:30" endTime="2026-09-08T06:41:07.3850012+05:30" testType="13cdc9d9-ddb5-4fa4-a97d-d965ccfc6d4b" outcome="Passed" testListId="8c84fa94-04c1-424b-9868-57a2d4851a1d" relativeResultsDirectory="39451773-1828-4bd0-88f7-45d4befb6b40" />
    <UnitTestResult executionId="df2d7454-1cb9-4dbe-bbe3-55ea46acfdd7" testId="29a8bfb1-e669-6f61-6740-9d3c04535eb9" testName="SoftwareManagement.Api.IntegrationTests.Identity.UserAdministrationTests.REQ_IAM_006_CreatesAUserWhoCannotSignInUntilTheySetAPassword" computerName="JSRKMANISHKUMAR" duration="00:00:00.1053524" startTime="2026-09-08T06:41:04.5183146+05:30" endTime="2026-09-08T06:41:04.6240600+05:30" testType="13cdc9d9-ddb5-4fa4-a97d-d965ccfc6d4b" outcome="Passed" testListId="8c84fa94-04c1-424b-9868-57a2d4851a1d" relativeResultsDirectory="df2d7454-1cb9-4dbe-bbe3-55ea46acfdd7" />
    <UnitTestResult executionId="419733c4-41e9-4329-886a-7a33a7d6aae1" testId="6e49c53c-9217-d127-2866-89fbccebebe4" testName="SoftwareManagement.Api.IntegrationTests.Identity.AuthenticationTests.REQ_IAM_009_Returns401_WhenNobodyIsSignedIn" computerName="JSRKMANISHKUMAR" duration="00:00:00.0031867" startTime="2026-09-08T06:41:07.4088948+05:30" endTime="2026-09-08T06:41:07.4123876+05:30" testType="13cdc9d9-ddb5-4fa4-a97d-d965ccfc6d4b" outcome="Passed" testListId="8c84fa94-04c1-424b-9868-57a2d4851a1d" relativeResultsDirectory="419733c4-41e9-4329-886a-7a33a7d6aae1" />
    <UnitTestResult executionId="3dbd61cb-1280-4b68-bd2a-248b7511c7ca" testId="47a6939e-eed9-59bc-303f-527912e03665" testName="SoftwareManagement.Api.IntegrationTests.ReadinessTests.Model_HasNoPendingChanges_SoTheDatabaseMatchesTheCode" computerName="JSRKMANISHKUMAR" duration="00:00:00.6103756" startTime="2026-09-08T06:40:53.8913685+05:30" endTime="2026-09-08T06:41:02.6798476+05:30" testType="13cdc9d9-ddb5-4fa4-a97d-d965ccfc6d4b" outcome="Passed" testListId="8c84fa94-04c1-424b-9868-57a2d4851a1d" relativeResultsDirectory="3dbd61cb-1280-4b68-bd2a-248b7511c7ca" />
    <UnitTestResult executionId="cd90df36-7ed2-4adc-b324-14117235aeee" testId="1656ab07-73cb-724e-d7db-4057024ab14a" testName="SoftwareManagement.Api.IntegrationTests.Identity.AuthorizationMatrixTests.REQ_IAM_005_GivesTheEditorNoAccessToPersonalDataOrMoney" computerName="JSRKMANISHKUMAR" duration="00:00:00.0009110" startTime="2026-09-08T06:41:05.3721077+05:30" endTime="2026-09-08T06:41:05.3728791+05:30" testType="13cdc9d9-ddb5-4fa4-a97d-d965ccfc6d4b" outcome="Passed" testListId="8c84fa94-04c1-424b-9868-57a2d4851a1d" relativeResultsDirectory="cd90df36-7ed2-4adc-b324-14117235aeee" />
    <UnitTestResult executionId="79178629-ff13-43b1-b61a-4b9f1bce888f" testId="9503c57b-6485-f82e-c71c-bb111396f515" testName="SoftwareManagement.Api.IntegrationTests.Identity.AuthorizationMatrixTests.REQ_IAM_004_Returns403_WhenAnEditorCallsAnAdministrationEndpoint" computerName="JSRKMANISHKUMAR" duration="00:00:00.0729633" startTime="2026-09-08T06:41:05.4509277+05:30" endTime="2026-09-08T06:41:05.5241955+05:30" testType="13cdc9d9-ddb5-4fa4-a97d-d965ccfc6d4b" outcome="Passed" testListId="8c84fa94-04c1-424b-9868-57a2d4851a1d" relativeResultsDirectory="79178629-ff13-43b1-b61a-4b9f1bce888f" />
    <UnitTestResult executionId="1d8273c9-1df6-4934-9fc4-73475da07a5b" testId="bd56576c-8ab9-c17e-8f92-0369874035c1" testName="SoftwareManagement.Api.IntegrationTests.Identity.AuthorizationMatrixTests.REQ_IAM_011_ClampsThePageSize_SoOneRequestCannotDrainTheTable" computerName="JSRKMANISHKUMAR" duration="00:00:00.0913202" startTime="2026-09-08T06:41:05.2801264+05:30" endTime="2026-09-08T06:41:05.3719170+05:30" testType="13cdc9d9-ddb5-4fa4-a97d-d965ccfc6d4b" outcome="Passed" testListId="8c84fa94-04c1-424b-9868-57a2d4851a1d" relativeResultsDirectory="1d8273c9-1df6-4934-9fc4-73475da07a5b" />
    <UnitTestResult executionId="496216ac-95e1-4413-8081-efb28a6607ce" testId="96b84f90-90e0-21e8-2534-5b5c13a4f991" testName="SoftwareManagement.Api.IntegrationTests.Identity.AuthorizationMatrixTests.REQ_IAM_011_LetsTheAuditorReadSignInAttempts" computerName="JSRKMANISHKUMAR" duration="00:00:00.1788244" startTime="2026-09-08T06:41:05.1006516+05:30" endTime="2026-09-08T06:41:05.2799469+05:30" testType="13cdc9d9-ddb5-4fa4-a97d-d965ccfc6d4b" outcome="Passed" testListId="8c84fa94-04c1-424b-9868-57a2d4851a1d" relativeResultsDirectory="496216ac-95e1-4413-8081-efb28a6607ce" />
    <UnitTestResult executionId="62386f7c-a5fc-4792-862e-327e4aff5892" testId="a894cfd0-bcc5-5c7c-686d-3565fb0dc6b5" testName="SoftwareManagement.Api.IntegrationTests.PipelineTests.Liveness_Answers200_WithoutTouchingTheDatabase" computerName="JSRKMANISHKUMAR" duration="00:00:00.0104534" startTime="2026-09-08T06:41:02.8390720+05:30" endTime="2026-09-08T06:41:02.8497746+05:30" testType="13cdc9d9-ddb5-4fa4-a97d-d965ccfc6d4b" outcome="Passed" testListId="8c84fa94-04c1-424b-9868-57a2d4851a1d" relativeResultsDirectory="62386f7c-a5fc-4792-862e-327e4aff5892" />
    <UnitTestResult executionId="52c2204d-fe6b-4ed3-8b91-6ad893ed0dfc" testId="24a1b023-779f-69d7-d911-b6d5a0d7d1bc" testName="SoftwareManagement.Api.IntegrationTests.Identity.AuthorizationMatrixTests.REQ_IAM_011_Returns403_WhenAnEditorAsksForTheSignInLog" computerName="JSRKMANISHKUMAR" duration="00:00:00.0705370" startTime="2026-09-08T06:41:05.5243851+05:30" endTime="2026-09-08T06:41:05.5951964+05:30" testType="13cdc9d9-ddb5-4fa4-a97d-d965ccfc6d4b" outcome="Passed" testListId="8c84fa94-04c1-424b-9868-57a2d4851a1d" relativeResultsDirectory="52c2204d-fe6b-4ed3-8b91-6ad893ed0dfc" />
    <UnitTestResult executionId="3d479f34-1952-44b7-8ec2-45388e79e68d" testId="cb9c3f17-15cd-93b3-0a6d-d91098880341" testName="SoftwareManagement.Api.IntegrationTests.PipelineTests.UnknownRoute_Returns404_AndNeverLeaksAStackTrace" computerName="JSRKMANISHKUMAR" duration="00:00:00.0282283" startTime="2026-09-08T06:41:02.8098281+05:30" endTime="2026-09-08T06:41:02.8386772+05:30" testType="13cdc9d9-ddb5-4fa4-a97d-d965ccfc6d4b" outcome="Passed" testListId="8c84fa94-04c1-424b-9868-57a2d4851a1d" relativeResultsDirectory="3d479f34-1952-44b7-8ec2-45388e79e68d" />
    <UnitTestResult executionId="9b951963-6397-4985-8458-c3aede3b5612" testId="2ce37273-daad-409d-f736-1d18af71ab9e" testName="SoftwareManagement.Api.IntegrationTests.ErrorContractTests.UnhandledException_ReturnsRfc9457ProblemDetails_WithATraceIdAndNoStackTrace" computerName="JSRKMANISHKUMAR" duration="00:00:00.0933516" startTime="2026-09-08T06:41:02.8145802+05:30" endTime="2026-09-08T06:41:02.9083085+05:30" testType="13cdc9d9-ddb5-4fa4-a97d-d965ccfc6d4b" outcome="Passed" testListId="8c84fa94-04c1-424b-9868-57a2d4851a1d" relativeResultsDirectory="9b951963-6397-4985-8458-c3aede3b5612" />
    <UnitTestResult executionId="09e7b212-0d17-4e08-a5a0-8ab4fb87fe24" testId="dbda683e-d922-ff34-7b10-1242be1eddc1" testName="SoftwareManagement.Api.IntegrationTests.ErrorContractTests.DiagnosticsEndpoint_Returns404_WhenItIsNotExplicitlyEnabled" computerName="JSRKMANISHKUMAR" duration="00:00:08.9521549" startTime="2026-09-08T06:40:53.8914556+05:30" endTime="2026-09-08T06:41:02.8143532+05:30" testType="13cdc9d9-ddb5-4fa4-a97d-d965ccfc6d4b" outcome="Passed" testListId="8c84fa94-04c1-424b-9868-57a2d4851a1d" relativeResultsDirectory="09e7b212-0d17-4e08-a5a0-8ab4fb87fe24" />
    <UnitTestResult executionId="a8a367d6-8a29-41e2-9d2a-d59360cc3e16" testId="bcee3310-1f4f-1a94-7003-3d9995b04747" testName="SoftwareManagement.Api.IntegrationTests.Identity.AuthenticationTests.REQ_IAM_001_Returns200AndAnAccessToken_ForCorrectCredentials" computerName="JSRKMANISHKUMAR" duration="00:00:00.0705832" startTime="2026-09-08T06:41:07.1986922+05:30" endTime="2026-09-08T06:41:07.2698515+05:30" testType="13cdc9d9-ddb5-4fa4-a97d-d965ccfc6d4b" outcome="Passed" testListId="8c84fa94-04c1-424b-9868-57a2d4851a1d" relativeResultsDirectory="a8a367d6-8a29-41e2-9d2a-d59360cc3e16" />
    <UnitTestResult executionId="08f21490-6828-48eb-b542-f8e4406dead6" testId="5dc97ee6-96a1-d4f1-b389-915c35a759f8" testName="SoftwareManagement.Api.IntegrationTests.Identity.AuthenticationTests.REQ_IAM_009_Returns422_WhenTheNewPasswordIsTooShort" computerName="JSRKMANISHKUMAR" duration="00:00:00.1471256" startTime="2026-09-08T06:41:06.0638538+05:30" endTime="2026-09-08T06:41:06.2107448+05:30" testType="13cdc9d9-ddb5-4fa4-a97d-d965ccfc6d4b" outcome="Passed" testListId="8c84fa94-04c1-424b-9868-57a2d4851a1d" relativeResultsDirectory="08f21490-6828-48eb-b542-f8e4406dead6" />
    <UnitTestResult executionId="f51107bb-3c1a-4a19-9769-85196e62c633" testId="3c4a8281-55e8-81cf-ec65-d62faf6046eb" testName="SoftwareManagement.Api.IntegrationTests.Identity.AuthenticationTests.REQ_IAM_012_Returns401MfaRequired_WhenTwoFactorIsEnrolledAndNoCodeIsSupplied" computerName="JSRKMANISHKUMAR" duration="00:00:00.0929582" startTime="2026-09-08T06:41:07.1050880+05:30" endTime="2026-09-08T06:41:07.1985248+05:30" testType="13cdc9d9-ddb5-4fa4-a97d-d965ccfc6d4b" outcome="Passed" testListId="8c84fa94-04c1-424b-9868-57a2d4851a1d" relativeResultsDirectory="f51107bb-3c1a-4a19-9769-85196e62c633" />
    <UnitTestResult executionId="e8455d81-5cc3-46c5-9a17-7d93253c2321" testId="f1f020ca-ba61-7442-1df0-5e9b91512378" testName="SoftwareManagement.Api.IntegrationTests.Identity.AuthorizationMatrixTests.REQ_IAM_005_GivesTheAuditorNoWritePermissionAtAll" computerName="JSRKMANISHKUMAR" duration="00:00:00.0732729" startTime="2026-09-08T06:41:05.3771031+05:30" endTime="2026-09-08T06:41:05.4507384+05:30" testType="13cdc9d9-ddb5-4fa4-a97d-d965ccfc6d4b" outcome="Passed" testListId="8c84fa94-04c1-424b-9868-57a2d4851a1d" relativeResultsDirectory="e8455d81-5cc3-46c5-9a17-7d93253c2321" />
    <UnitTestResult executionId="85359022-6569-4bc9-850a-ec44bce42336" testId="2af7fc1e-8c6d-a607-4e2d-324e95793a7a" testName="SoftwareManagement.Api.IntegrationTests.Identity.UserAdministrationTests.REQ_IAM_007_Returns409_WhenDeactivatingTheLastOwner" computerName="JSRKMANISHKUMAR" duration="00:00:00.1129698" startTime="2026-09-08T06:41:04.3323183+05:30" endTime="2026-09-08T06:41:04.4456312+05:30" testType="13cdc9d9-ddb5-4fa4-a97d-d965ccfc6d4b" outcome="Passed" testListId="8c84fa94-04c1-424b-9868-57a2d4851a1d" relativeResultsDirectory="85359022-6569-4bc9-850a-ec44bce42336" />
    <UnitTestResult executionId="f51c810e-07d4-4561-8859-434546b9f9d6" testId="3ff15186-44db-3e4f-62a9-99bc40d059d8" testName="SoftwareManagement.Api.IntegrationTests.Identity.UserAdministrationTests.REQ_IAM_007_Returns404_ForAUserThatDoesNotExist" computerName="JSRKMANISHKUMAR" duration="00:00:00.1103745" startTime="2026-09-08T06:41:03.5913101+05:30" endTime="2026-09-08T06:41:03.7020365+05:30" testType="13cdc9d9-ddb5-4fa4-a97d-d965ccfc6d4b" outcome="Passed" testListId="8c84fa94-04c1-424b-9868-57a2d4851a1d" relativeResultsDirectory="f51c810e-07d4-4561-8859-434546b9f9d6" />
    <UnitTestResult executionId="48563d5b-7988-448c-986c-051079f89052" testId="05ad373a-5793-c0f7-c0dd-664a84b0500d" testName="SoftwareManagement.Api.IntegrationTests.PipelineTests.SecurePing_Returns401_ForAGarbageToken" computerName="JSRKMANISHKUMAR" duration="00:00:08.9479738" startTime="2026-09-08T06:40:53.8914272+05:30" endTime="2026-09-08T06:41:02.8096271+05:30" testType="13cdc9d9-ddb5-4fa4-a97d-d965ccfc6d4b" outcome="Passed" testListId="8c84fa94-04c1-424b-9868-57a2d4851a1d" relativeResultsDirectory="48563d5b-7988-448c-986c-051079f89052" />
    <UnitTestResult executionId="fea0f3ec-fa9c-4038-9bdc-652f06349851" testId="3618c3b8-74bf-6405-4546-ca16ddd22aca" testName="SoftwareManagement.Api.IntegrationTests.InfrastructureRegistrationTests.SystemClock_ReturnsUtc_NeverLocalTime" computerName="JSRKMANISHKUMAR" duration="00:00:00.0030590" startTime="2026-09-08T06:41:00.4407420+05:30" endTime="2026-09-08T06:41:00.4439021+05:30" testType="13cdc9d9-ddb5-4fa4-a97d-d965ccfc6d4b" outcome="Passed" testListId="8c84fa94-04c1-424b-9868-57a2d4851a1d" relativeResultsDirectory="fea0f3ec-fa9c-4038-9bdc-652f06349851" />
    <UnitTestResult executionId="9a7e1d3a-7a30-49bc-86ff-ad83d8b4d49a" testId="f36b4b36-476a-1049-d816-7b0cc33a8cd2" testName="SoftwareManagement.Api.IntegrationTests.Identity.UserAdministrationTests.REQ_IAM_004_Returns422_WhenAssigningARoleThatDoesNotExist" computerName="JSRKMANISHKUMAR" duration="00:00:00.0957483" startTime="2026-09-08T06:41:03.9593452+05:30" endTime="2026-09-08T06:41:04.0553655+05:30" testType="13cdc9d9-ddb5-4fa4-a97d-d965ccfc6d4b" outcome="Passed" testListId="8c84fa94-04c1-424b-9868-57a2d4851a1d" relativeResultsDirectory="9a7e1d3a-7a30-49bc-86ff-ad83d8b4d49a" />
    <UnitTestResult executionId="619a9de9-218b-4930-83ef-7258dd366811" testId="58853ba1-246c-9947-d3c2-9d812e5a0016" testName="SoftwareManagement.Api.IntegrationTests.InfrastructureRegistrationTests.AddInfrastructure_RegistersTheDbContextAndTheClock" computerName="JSRKMANISHKUMAR" duration="00:00:00.0041989" startTime="2026-09-08T06:41:00.4371117+05:30" endTime="2026-09-08T06:41:00.4375977+05:30" testType="13cdc9d9-ddb5-4fa4-a97d-d965ccfc6d4b" outcome="Passed" testListId="8c84fa94-04c1-424b-9868-57a2d4851a1d" relativeResultsDirectory="619a9de9-218b-4930-83ef-7258dd366811" />
    <UnitTestResult executionId="fb2b5c65-3134-425b-9526-0a066ecdf575" testId="070f8695-b9b9-a676-e899-56bc38145031" testName="SoftwareManagement.Api.IntegrationTests.Identity.AuthenticationTests.REQ_IAM_001_WritesASucceededLoginAttemptAndAHashedRefreshToken" computerName="JSRKMANISHKUMAR" duration="00:00:00.1109174" startTime="2026-09-08T06:41:07.2701370+05:30" endTime="2026-09-08T06:41:07.3812217+05:30" testType="13cdc9d9-ddb5-4fa4-a97d-d965ccfc6d4b" outcome="Passed" testListId="8c84fa94-04c1-424b-9868-57a2d4851a1d" relativeResultsDirectory="fb2b5c65-3134-425b-9526-0a066ecdf575" />
    <UnitTestResult executionId="801b7cb6-7998-4acb-a7a0-cf374fef528c" testId="fcabc442-49ea-ed54-3d5f-079426aad631" testName="SoftwareManagement.Api.IntegrationTests.PipelineTests.SecurePing_Returns401_ForAnAnonymousCaller" computerName="JSRKMANISHKUMAR" duration="00:00:00.0133717" startTime="2026-09-08T06:41:02.8663041+05:30" endTime="2026-09-08T06:41:02.8800437+05:30" testType="13cdc9d9-ddb5-4fa4-a97d-d965ccfc6d4b" outcome="Passed" testListId="8c84fa94-04c1-424b-9868-57a2d4851a1d" relativeResultsDirectory="801b7cb6-7998-4acb-a7a0-cf374fef528c" />
    <UnitTestResult executionId="b5fbdbec-4574-4481-9949-127fd30ceb71" testId="a8ffe9dc-6131-1c6c-9cb1-5103a9b93973" testName="SoftwareManagement.Api.IntegrationTests.Identity.AuthorizationMatrixTests.REQ_IAM_005_AllowsExactlyTheFrozenAnonymousAllowlist" computerName="JSRKMANISHKUMAR" duration="00:00:00.0855716" startTime="2026-09-08T06:41:05.0146202+05:30" endTime="2026-09-08T06:41:05.1004784+05:30" testType="13cdc9d9-ddb5-4fa4-a97d-d965ccfc6d4b" outcome="Passed" testListId="8c84fa94-04c1-424b-9868-57a2d4851a1d" relativeResultsDirectory="b5fbdbec-4574-4481-9949-127fd30ceb71" />
    <UnitTestResult executionId="e85725ba-dc17-4492-9e6d-0f7d7f4464cb" testId="a1beba10-c274-0de4-e53e-4ffe2592cd47" testName="SoftwareManagement.Api.IntegrationTests.ReadinessTests.Readiness_Answers200_WhenTheDatabaseIsReachable" computerName="JSRKMANISHKUMAR" duration="00:00:00.0904858" startTime="2026-09-08T06:41:02.6815570+05:30" endTime="2026-09-08T06:41:02.8077073+05:30" testType="13cdc9d9-ddb5-4fa4-a97d-d965ccfc6d4b" outcome="Passed" testListId="8c84fa94-04c1-424b-9868-57a2d4851a1d" relativeResultsDirectory="e85725ba-dc17-4492-9e6d-0f7d7f4464cb" />
    <UnitTestResult executionId="da5f6d7d-bb2e-4f05-b4c9-e78667a0800a" testId="c66b1e93-356c-3920-939c-31daf6086f2e" testName="SoftwareManagement.Api.IntegrationTests.Identity.AuthenticationTests.REQ_IAM_010_RevokesTheRefreshTokenSoTheSessionCannotBeResumed" computerName="JSRKMANISHKUMAR" duration="00:00:00.1285795" startTime="2026-09-08T06:41:05.5954327+05:30" endTime="2026-09-08T06:41:05.7244934+05:30" testType="13cdc9d9-ddb5-4fa4-a97d-d965ccfc6d4b" outcome="Passed" testListId="8c84fa94-04c1-424b-9868-57a2d4851a1d" relativeResultsDirectory="da5f6d7d-bb2e-4f05-b4c9-e78667a0800a" />
    <UnitTestResult executionId="e666a855-5046-4c26-b9da-6bf9548dd68b" testId="724ed3d1-5144-f91e-0cb6-e65d0b2a22a2" testName="SoftwareManagement.Api.IntegrationTests.ReadinessTests.AggregateHealth_Answers200_WhenEveryCheckPasses" computerName="JSRKMANISHKUMAR" duration="00:00:00.0070768" startTime="2026-09-08T06:41:02.8528520+05:30" endTime="2026-09-08T06:41:02.8946968+05:30" testType="13cdc9d9-ddb5-4fa4-a97d-d965ccfc6d4b" outcome="Passed" testListId="8c84fa94-04c1-424b-9868-57a2d4851a1d" relativeResultsDirectory="e666a855-5046-4c26-b9da-6bf9548dd68b" />
    <UnitTestResult executionId="6d9ad9cf-c035-4ebc-9555-716c591e11b3" testId="a7eef393-87cd-b147-3942-ed2a1c709d72" testName="SoftwareManagement.Api.IntegrationTests.Identity.AuthorizationMatrixTests.REQ_IAM_005_Returns401_ForEveryAdministrationRouteWithoutAToken" computerName="JSRKMANISHKUMAR" duration="00:00:00.0035942" startTime="2026-09-08T06:41:05.3730136+05:30" endTime="2026-09-08T06:41:05.3769559+05:30" testType="13cdc9d9-ddb5-4fa4-a97d-d965ccfc6d4b" outcome="Passed" testListId="8c84fa94-04c1-424b-9868-57a2d4851a1d" relativeResultsDirectory="6d9ad9cf-c035-4ebc-9555-716c591e11b3" />
    <UnitTestResult executionId="17ad6743-7c23-46ba-ba99-d7710e9ca2a7" testId="657f3dc5-4a14-fa89-8a54-4c695305c3fd" testName="SoftwareManagement.Api.IntegrationTests.Identity.AuthenticationTests.REQ_IAM_008_Returns410_WhenTheResetTokenIsNotValid" computerName="JSRKMANISHKUMAR" duration="00:00:00.0200194" startTime="2026-09-08T06:41:07.4125686+05:30" endTime="2026-09-08T06:41:07.4330535+05:30" testType="13cdc9d9-ddb5-4fa4-a97d-d965ccfc6d4b" outcome="Passed" testListId="8c84fa94-04c1-424b-9868-57a2d4851a1d" relativeResultsDirectory="17ad6743-7c23-46ba-ba99-d7710e9ca2a7" />
    <UnitTestResult executionId="165ba290-ca96-47ea-94a0-e9ae47f1743b" testId="1360d691-9702-517e-6889-732774a3a26b" testName="SoftwareManagement.Api.IntegrationTests.PipelineTests.EveryResponse_CarriesTheRequiredSecurityHeaders" computerName="JSRKMANISHKUMAR" duration="00:00:00.0066063" startTime="2026-09-08T06:41:02.8802742+05:30" endTime="2026-09-08T06:41:02.8875194+05:30" testType="13cdc9d9-ddb5-4fa4-a97d-d965ccfc6d4b" outcome="Passed" testListId="8c84fa94-04c1-424b-9868-57a2d4851a1d" relativeResultsDirectory="165ba290-ca96-47ea-94a0-e9ae47f1743b" />
  </Results>
  <TestDefinitions>
    <UnitTest name="SoftwareManagement.Api.IntegrationTests.Identity.AuthenticationTests.REQ_IAM_009_Returns422_WhenTheNewPasswordIsTooShort" storage="g:\software-management\backend\tests\softwaremanagement.api.integrationtests\bin\release\net10.0\softwaremanagement.api.integrationtests.dll" id="5dc97ee6-96a1-d4f1-b389-915c35a759f8">
      <Execution id="08f21490-6828-48eb-b542-f8e4406dead6" />
      <TestMethod codeBase="G:\software-management\backend\tests\SoftwareManagement.Api.IntegrationTests\bin\Release\net10.0\SoftwareManagement.Api.IntegrationTests.dll" adapterTypeName="executor://xunit/VsTestRunner3/netcore/" className="SoftwareManagement.Api.IntegrationTests.Identity.AuthenticationTests" name="REQ_IAM_009_Returns422_WhenTheNewPasswordIsTooShort" />
    </UnitTest>
    <UnitTest name="SoftwareManagement.Api.IntegrationTests.Identity.AuthenticationTests.REQ_IAM_010_Returns401_ForAnAnonymousLogout" storage="g:\software-management\backend\tests\softwaremanagement.api.integrationtests\bin\release\net10.0\softwaremanagement.api.integrationtests.dll" id="25aa2c9d-09b1-324e-abe7-8b3f9aaf54dc">
      <Execution id="39451773-1828-4bd0-88f7-45d4befb6b40" />
      <TestMethod codeBase="G:\software-management\backend\tests\SoftwareManagement.Api.IntegrationTests\bin\Release\net10.0\SoftwareManagement.Api.IntegrationTests.dll" adapterTypeName="executor://xunit/VsTestRunner3/netcore/" className="SoftwareManagement.Api.IntegrationTests.Identity.AuthenticationTests" name="REQ_IAM_010_Returns401_ForAnAnonymousLogout" />
    </UnitTest>
    <UnitTest name="SoftwareManagement.Api.IntegrationTests.Identity.AuthenticationTests.REQ_IAM_002_LocksTheAccountEvenWhenTheSixthAttemptUsesTheCorrectPassword" storage="g:\software-management\backend\tests\softwaremanagement.api.integrationtests\bin\release\net10.0\softwaremanagement.api.integrationtests.dll" id="c1b786ea-62fc-47f0-9036-6d3c5242383f">
      <Execution id="c2ae7ac3-fa51-4337-8376-d055da46bc69" />
      <TestMethod codeBase="G:\software-management\backend\tests\SoftwareManagement.Api.IntegrationTests\bin\Release\net10.0\SoftwareManagement.Api.IntegrationTests.dll" adapterTypeName="executor://xunit/VsTestRunner3/netcore/" className="SoftwareManagement.Api.IntegrationTests.Identity.AuthenticationTests" name="REQ_IAM_002_LocksTheAccountEvenWhenTheSixthAttemptUsesTheCorrectPassword" />
    </UnitTest>
    <UnitTest name="SoftwareManagement.Api.IntegrationTests.Identity.AuthenticationTests.REQ_IAM_002_Returns423_OnTheSixthFailureWithinTheWindow" storage="g:\software-management\backend\tests\softwaremanagement.api.integrationtests\bin\release\net10.0\softwaremanagement.api.integrationtests.dll" id="1ebd049f-ce84-7c2d-ca03-5e2a53c1eed6">
      <Execution id="32eecf6b-f07b-4a88-b271-61765621d772" />
      <TestMethod codeBase="G:\software-management\backend\tests\SoftwareManagement.Api.IntegrationTests\bin\Release\net10.0\SoftwareManagement.Api.IntegrationTests.dll" adapterTypeName="executor://xunit/VsTestRunner3/netcore/" className="SoftwareManagement.Api.IntegrationTests.Identity.AuthenticationTests" name="REQ_IAM_002_Returns423_OnTheSixthFailureWithinTheWindow" />
    </UnitTest>
    <UnitTest name="SoftwareManagement.Api.IntegrationTests.Identity.AuthenticationTests.REQ_IAM_012_DoesNotDemandACode_WhenTwoFactorIsNotEnrolled" storage="g:\software-management\backend\tests\softwaremanagement.api.integrationtests\bin\release\net10.0\softwaremanagement.api.integrationtests.dll" id="10fc1172-5b9a-e433-95fe-23acc6955168">
      <Execution id="78837393-257b-41d5-9cf4-3eb62f576371" />
      <TestMethod codeBase="G:\software-management\backend\tests\SoftwareManagement.Api.IntegrationTests\bin\Release\net10.0\SoftwareManagement.Api.IntegrationTests.dll" adapterTypeName="executor://xunit/VsTestRunner3/netcore/" className="SoftwareManagement.Api.IntegrationTests.Identity.AuthenticationTests" name="REQ_IAM_012_DoesNotDemandACode_WhenTwoFactorIsNotEnrolled" />
    </UnitTest>
    <UnitTest name="SoftwareManagement.Api.IntegrationTests.Identity.AuthorizationMatrixTests.REQ_IAM_005_GivesTheAuditorNoWritePermissionAtAll" storage="g:\software-management\backend\tests\softwaremanagement.api.integrationtests\bin\release\net10.0\softwaremanagement.api.integrationtests.dll" id="f1f020ca-ba61-7442-1df0-5e9b91512378">
      <Execution id="e8455d81-5cc3-46c5-9a17-7d93253c2321" />
      <TestMethod codeBase="G:\software-management\backend\tests\SoftwareManagement.Api.IntegrationTests\bin\Release\net10.0\SoftwareManagement.Api.IntegrationTests.dll" adapterTypeName="executor://xunit/VsTestRunner3/netcore/" className="SoftwareManagement.Api.IntegrationTests.Identity.AuthorizationMatrixTests" name="REQ_IAM_005_GivesTheAuditorNoWritePermissionAtAll" />
    </UnitTest>
    <UnitTest name="SoftwareManagement.Api.IntegrationTests.Identity.AuthenticationTests.REQ_IAM_010_RevokesTheRefreshTokenSoTheSessionCannotBeResumed" storage="g:\software-management\backend\tests\softwaremanagement.api.integrationtests\bin\release\net10.0\softwaremanagement.api.integrationtests.dll" id="c66b1e93-356c-3920-939c-31daf6086f2e">
      <Execution id="da5f6d7d-bb2e-4f05-b4c9-e78667a0800a" />
      <TestMethod codeBase="G:\software-management\backend\tests\SoftwareManagement.Api.IntegrationTests\bin\Release\net10.0\SoftwareManagement.Api.IntegrationTests.dll" adapterTypeName="executor://xunit/VsTestRunner3/netcore/" className="SoftwareManagement.Api.IntegrationTests.Identity.AuthenticationTests" name="REQ_IAM_010_RevokesTheRefreshTokenSoTheSessionCannotBeResumed" />
    </UnitTest>
    <UnitTest name="SoftwareManagement.Api.IntegrationTests.Identity.UserAdministrationTests.REQ_IAM_004_Returns422_WhenAssigningARoleThatDoesNotExist" storage="g:\software-management\backend\tests\softwaremanagement.api.integrationtests\bin\release\net10.0\softwaremanagement.api.integrationtests.dll" id="f36b4b36-476a-1049-d816-7b0cc33a8cd2">
      <Execution id="9a7e1d3a-7a30-49bc-86ff-ad83d8b4d49a" />
      <TestMethod codeBase="G:\software-management\backend\tests\SoftwareManagement.Api.IntegrationTests\bin\Release\net10.0\SoftwareManagement.Api.IntegrationTests.dll" adapterTypeName="executor://xunit/VsTestRunner3/netcore/" className="SoftwareManagement.Api.IntegrationTests.Identity.UserAdministrationTests" name="REQ_IAM_004_Returns422_WhenAssigningARoleThatDoesNotExist" />
    </UnitTest>
    <UnitTest name="SoftwareManagement.Api.IntegrationTests.ErrorContractTests.DiagnosticsEndpoint_Returns404_WhenItIsNotExplicitlyEnabled" storage="g:\software-management\backend\tests\softwaremanagement.api.integrationtests\bin\release\net10.0\softwaremanagement.api.integrationtests.dll" id="dbda683e-d922-ff34-7b10-1242be1eddc1">
      <Execution id="09e7b212-0d17-4e08-a5a0-8ab4fb87fe24" />
      <TestMethod codeBase="G:\software-management\backend\tests\SoftwareManagement.Api.IntegrationTests\bin\Release\net10.0\SoftwareManagement.Api.IntegrationTests.dll" adapterTypeName="executor://xunit/VsTestRunner3/netcore/" className="SoftwareManagement.Api.IntegrationTests.ErrorContractTests" name="DiagnosticsEndpoint_Returns404_WhenItIsNotExplicitlyEnabled" />
    </UnitTest>
    <UnitTest name="SoftwareManagement.Api.IntegrationTests.PipelineTests.PublicPing_IsReachableAnonymously" storage="g:\software-management\backend\tests\softwaremanagement.api.integrationtests\bin\release\net10.0\softwaremanagement.api.integrationtests.dll" id="29c6d260-cd84-ff3c-82a8-89b2873feef9">
      <Execution id="7b752a39-55a4-430b-8087-9a521d33ab7c" />
      <TestMethod codeBase="G:\software-management\backend\tests\SoftwareManagement.Api.IntegrationTests\bin\Release\net10.0\SoftwareManagement.Api.IntegrationTests.dll" adapterTypeName="executor://xunit/VsTestRunner3/netcore/" className="SoftwareManagement.Api.IntegrationTests.PipelineTests" name="PublicPing_IsReachableAnonymously" />
    </UnitTest>
    <UnitTest name="SoftwareManagement.Api.IntegrationTests.ReadinessTests.Readiness_Answers200_WhenTheDatabaseIsReachable" storage="g:\software-management\backend\tests\softwaremanagement.api.integrationtests\bin\release\net10.0\softwaremanagement.api.integrationtests.dll" id="a1beba10-c274-0de4-e53e-4ffe2592cd47">
      <Execution id="e85725ba-dc17-4492-9e6d-0f7d7f4464cb" />
      <TestMethod codeBase="G:\software-management\backend\tests\SoftwareManagement.Api.IntegrationTests\bin\Release\net10.0\SoftwareManagement.Api.IntegrationTests.dll" adapterTypeName="executor://xunit/VsTestRunner3/netcore/" className="SoftwareManagement.Api.IntegrationTests.ReadinessTests" name="Readiness_Answers200_WhenTheDatabaseIsReachable" />
    </UnitTest>
    <UnitTest name="SoftwareManagement.Api.IntegrationTests.Identity.AuthorizationMatrixTests.REQ_IAM_005_Returns401_ForEveryAdministrationRouteWithoutAToken" storage="g:\software-management\backend\tests\softwaremanagement.api.integrationtests\bin\release\net10.0\softwaremanagement.api.integrationtests.dll" id="a7eef393-87cd-b147-3942-ed2a1c709d72">
      <Execution id="6d9ad9cf-c035-4ebc-9555-716c591e11b3" />
      <TestMethod codeBase="G:\software-management\backend\tests\SoftwareManagement.Api.IntegrationTests\bin\Release\net10.0\SoftwareManagement.Api.IntegrationTests.dll" adapterTypeName="executor://xunit/VsTestRunner3/netcore/" className="SoftwareManagement.Api.IntegrationTests.Identity.AuthorizationMatrixTests" name="REQ_IAM_005_Returns401_ForEveryAdministrationRouteWithoutAToken" />
    </UnitTest>
    <UnitTest name="SoftwareManagement.Api.IntegrationTests.Identity.UserAdministrationTests.REQ_IAM_006_Returns409_WhenTheEmailAddressIsAlreadyRegistered" storage="g:\software-management\backend\tests\softwaremanagement.api.integrationtests\bin\release\net10.0\softwaremanagement.api.integrationtests.dll" id="bb35a0d0-7d94-9cbb-7ef3-55c9a9b91774">
      <Execution id="15291a9e-ddcd-41c8-9e90-daa8c8ad0c0b" />
      <TestMethod codeBase="G:\software-management\backend\tests\SoftwareManagement.Api.IntegrationTests\bin\Release\net10.0\SoftwareManagement.Api.IntegrationTests.dll" adapterTypeName="executor://xunit/VsTestRunner3/netcore/" className="SoftwareManagement.Api.IntegrationTests.Identity.UserAdministrationTests" name="REQ_IAM_006_Returns409_WhenTheEmailAddressIsAlreadyRegistered" />
    </UnitTest>
    <UnitTest name="SoftwareManagement.Api.IntegrationTests.InfrastructureRegistrationTests.AddInfrastructure_Throws_WhenTheConnectionStringIsMissing" storage="g:\software-management\backend\tests\softwaremanagement.api.integrationtests\bin\release\net10.0\softwaremanagement.api.integrationtests.dll" id="36b625fb-743b-53a8-b934-35c4775d4639">
      <Execution id="90d23a7f-b904-4c56-b4b4-67f3e01d2afc" />
      <TestMethod codeBase="G:\software-management\backend\tests\SoftwareManagement.Api.IntegrationTests\bin\Release\net10.0\SoftwareManagement.Api.IntegrationTests.dll" adapterTypeName="executor://xunit/VsTestRunner3/netcore/" className="SoftwareManagement.Api.IntegrationTests.InfrastructureRegistrationTests" name="AddInfrastructure_Throws_WhenTheConnectionStringIsMissing" />
    </UnitTest>
    <UnitTest name="SoftwareManagement.Api.IntegrationTests.Identity.UserAdministrationTests.REQ_IAM_006_CreatesAUserWhoCannotSignInUntilTheySetAPassword" storage="g:\software-management\backend\tests\softwaremanagement.api.integrationtests\bin\release\net10.0\softwaremanagement.api.integrationtests.dll" id="29a8bfb1-e669-6f61-6740-9d3c04535eb9">
      <Execution id="df2d7454-1cb9-4dbe-bbe3-55ea46acfdd7" />
      <TestMethod codeBase="G:\software-management\backend\tests\SoftwareManagement.Api.IntegrationTests\bin\Release\net10.0\SoftwareManagement.Api.IntegrationTests.dll" adapterTypeName="executor://xunit/VsTestRunner3/netcore/" className="SoftwareManagement.Api.IntegrationTests.Identity.UserAdministrationTests" name="REQ_IAM_006_CreatesAUserWhoCannotSignInUntilTheySetAPassword" />
    </UnitTest>
    <UnitTest name="SoftwareManagement.Api.IntegrationTests.ReadinessTests.AggregateHealth_Answers200_WhenEveryCheckPasses" storage="g:\software-management\backend\tests\softwaremanagement.api.integrationtests\bin\release\net10.0\softwaremanagement.api.integrationtests.dll" id="724ed3d1-5144-f91e-0cb6-e65d0b2a22a2">
      <Execution id="e666a855-5046-4c26-b9da-6bf9548dd68b" />
      <TestMethod codeBase="G:\software-management\backend\tests\SoftwareManagement.Api.IntegrationTests\bin\Release\net10.0\SoftwareManagement.Api.IntegrationTests.dll" adapterTypeName="executor://xunit/VsTestRunner3/netcore/" className="SoftwareManagement.Api.IntegrationTests.ReadinessTests" name="AggregateHealth_Answers200_WhenEveryCheckPasses" />
    </UnitTest>
    <UnitTest name="SoftwareManagement.Api.IntegrationTests.Identity.AuthenticationTests.REQ_IAM_001_Returns401WithoutRevealingWhichPartWasWrong_ForABadPassword" storage="g:\software-management\backend\tests\softwaremanagement.api.integrationtests\bin\release\net10.0\softwaremanagement.api.integrationtests.dll" id="acc4675e-1897-51f7-93d1-72a0bb0db28b">
      <Execution id="e9cf7fb7-f07d-4b66-9139-37516d2aa439" />
      <TestMethod codeBase="G:\software-management\backend\tests\SoftwareManagement.Api.IntegrationTests\bin\Release\net10.0\SoftwareManagement.Api.IntegrationTests.dll" adapterTypeName="executor://xunit/VsTestRunner3/netcore/" className="SoftwareManagement.Api.IntegrationTests.Identity.AuthenticationTests" name="REQ_IAM_001_Returns401WithoutRevealingWhichPartWasWrong_ForABadPassword" />
    </UnitTest>
    <UnitTest name="SoftwareManagement.Api.IntegrationTests.Identity.UserAdministrationTests.REQ_IAM_007_EndsAccessImmediatelyAndRevokesTheRefreshToken" storage="g:\software-management\backend\tests\softwaremanagement.api.integrationtests\bin\release\net10.0\softwaremanagement.api.integrationtests.dll" id="d730ccfd-ed80-6d44-d6b0-13ca355d9450">
      <Execution id="522aa6ca-6ca8-4e49-b1c9-a65a837f0663" />
      <TestMethod codeBase="G:\software-management\backend\tests\SoftwareManagement.Api.IntegrationTests\bin\Release\net10.0\SoftwareManagement.Api.IntegrationTests.dll" adapterTypeName="executor://xunit/VsTestRunner3/netcore/" className="SoftwareManagement.Api.IntegrationTests.Identity.UserAdministrationTests" name="REQ_IAM_007_EndsAccessImmediatelyAndRevokesTheRefreshToken" />
    </UnitTest>
    <UnitTest name="SoftwareManagement.Api.IntegrationTests.Identity.AuthenticationTests.REQ_IAM_008_Returns410_WhenTheResetTokenIsNotValid" storage="g:\software-management\backend\tests\softwaremanagement.api.integrationtests\bin\release\net10.0\softwaremanagement.api.integrationtests.dll" id="657f3dc5-4a14-fa89-8a54-4c695305c3fd">
      <Execution id="17ad6743-7c23-46ba-ba99-d7710e9ca2a7" />
      <TestMethod codeBase="G:\software-management\backend\tests\SoftwareManagement.Api.IntegrationTests\bin\Release\net10.0\SoftwareManagement.Api.IntegrationTests.dll" adapterTypeName="executor://xunit/VsTestRunner3/netcore/" className="SoftwareManagement.Api.IntegrationTests.Identity.AuthenticationTests" name="REQ_IAM_008_Returns410_WhenTheResetTokenIsNotValid" />
    </UnitTest>
    <UnitTest name="SoftwareManagement.Api.IntegrationTests.Identity.AuthenticationTests.REQ_IAM_003_IssuesANewTokenPairAndRetiresTheOldRefreshToken" storage="g:\software-management\backend\tests\softwaremanagement.api.integrationtests\bin\release\net10.0\softwaremanagement.api.integrationtests.dll" id="67104cfb-2d99-ca3b-a6de-921b91db5cfb">
      <Execution id="65e203a7-bb17-4abc-ac2d-7ac2d21d570e" />
      <TestMethod codeBase="G:\software-management\backend\tests\SoftwareManagement.Api.IntegrationTests\bin\Release\net10.0\SoftwareManagement.Api.IntegrationTests.dll" adapterTypeName="executor://xunit/VsTestRunner3/netcore/" className="SoftwareManagement.Api.IntegrationTests.Identity.AuthenticationTests" name="REQ_IAM_003_IssuesANewTokenPairAndRetiresTheOldRefreshToken" />
    </UnitTest>
    <UnitTest name="SoftwareManagement.Api.IntegrationTests.ErrorContractTests.UnhandledException_ReturnsRfc9457ProblemDetails_WithATraceIdAndNoStackTrace" storage="g:\software-management\backend\tests\softwaremanagement.api.integrationtests\bin\release\net10.0\softwaremanagement.api.integrationtests.dll" id="2ce37273-daad-409d-f736-1d18af71ab9e">
      <Execution id="9b951963-6397-4985-8458-c3aede3b5612" />
      <TestMethod codeBase="G:\software-management\backend\tests\SoftwareManagement.Api.IntegrationTests\bin\Release\net10.0\SoftwareManagement.Api.IntegrationTests.dll" adapterTypeName="executor://xunit/VsTestRunner3/netcore/" className="SoftwareManagement.Api.IntegrationTests.ErrorContractTests" name="UnhandledException_ReturnsRfc9457ProblemDetails_WithATraceIdAndNoStackTrace" />
    </UnitTest>
    <UnitTest name="SoftwareManagement.Api.IntegrationTests.Identity.UserAdministrationTests.REQ_IAM_006_Returns422_ForARoleThatDoesNotExist" storage="g:\software-management\backend\tests\softwaremanagement.api.integrationtests\bin\release\net10.0\softwaremanagement.api.integrationtests.dll" id="3a758d35-dec5-2d83-36d5-403609f335f3">
      <Execution id="65c1c8ec-607a-4d98-8198-13b2b0e7cb15" />
      <TestMethod codeBase="G:\software-management\backend\tests\SoftwareManagement.Api.IntegrationTests\bin\Release\net10.0\SoftwareManagement.Api.IntegrationTests.dll" adapterTypeName="executor://xunit/VsTestRunner3/netcore/" className="SoftwareManagement.Api.IntegrationTests.Identity.UserAdministrationTests" name="REQ_IAM_006_Returns422_ForARoleThatDoesNotExist" />
    </UnitTest>
    <UnitTest name="SoftwareManagement.Api.IntegrationTests.PipelineTests.EveryResponse_CarriesTheRequiredSecurityHeaders" storage="g:\software-management\backend\tests\softwaremanagement.api.integrationtests\bin\release\net10.0\softwaremanagement.api.integrationtests.dll" id="1360d691-9702-517e-6889-732774a3a26b">
      <Execution id="165ba290-ca96-47ea-94a0-e9ae47f1743b" />
      <TestMethod codeBase="G:\software-management\backend\tests\SoftwareManagement.Api.IntegrationTests\bin\Release\net10.0\SoftwareManagement.Api.IntegrationTests.dll" adapterTypeName="executor://xunit/VsTestRunner3/netcore/" className="SoftwareManagement.Api.IntegrationTests.PipelineTests" name="EveryResponse_CarriesTheRequiredSecurityHeaders" />
    </UnitTest>
    <UnitTest name="SoftwareManagement.Api.IntegrationTests.Identity.AuthenticationTests.REQ_IAM_001_WritesASucceededLoginAttemptAndAHashedRefreshToken" storage="g:\software-management\backend\tests\softwaremanagement.api.integrationtests\bin\release\net10.0\softwaremanagement.api.integrationtests.dll" id="070f8695-b9b9-a676-e899-56bc38145031">
      <Execution id="fb2b5c65-3134-425b-9526-0a066ecdf575" />
      <TestMethod codeBase="G:\software-management\backend\tests\SoftwareManagement.Api.IntegrationTests\bin\Release\net10.0\SoftwareManagement.Api.IntegrationTests.dll" adapterTypeName="executor://xunit/VsTestRunner3/netcore/" className="SoftwareManagement.Api.IntegrationTests.Identity.AuthenticationTests" name="REQ_IAM_001_WritesASucceededLoginAttemptAndAHashedRefreshToken" />
    </UnitTest>
    <UnitTest name="SoftwareManagement.Api.IntegrationTests.Identity.AuthorizationMatrixTests.REQ_IAM_004_Returns403_WhenAnEditorCallsAnAdministrationEndpoint" storage="g:\software-management\backend\tests\softwaremanagement.api.integrationtests\bin\release\net10.0\softwaremanagement.api.integrationtests.dll" id="9503c57b-6485-f82e-c71c-bb111396f515">
      <Execution id="79178629-ff13-43b1-b61a-4b9f1bce888f" />
      <TestMethod codeBase="G:\software-management\backend\tests\SoftwareManagement.Api.IntegrationTests\bin\Release\net10.0\SoftwareManagement.Api.IntegrationTests.dll" adapterTypeName="executor://xunit/VsTestRunner3/netcore/" className="SoftwareManagement.Api.IntegrationTests.Identity.AuthorizationMatrixTests" name="REQ_IAM_004_Returns403_WhenAnEditorCallsAnAdministrationEndpoint" />
    </UnitTest>
    <UnitTest name="SoftwareManagement.Api.IntegrationTests.Identity.AuthorizationMatrixTests.REQ_IAM_005_GivesTheEditorNoAccessToPersonalDataOrMoney" storage="g:\software-management\backend\tests\softwaremanagement.api.integrationtests\bin\release\net10.0\softwaremanagement.api.integrationtests.dll" id="1656ab07-73cb-724e-d7db-4057024ab14a">
      <Execution id="cd90df36-7ed2-4adc-b324-14117235aeee" />
      <TestMethod codeBase="G:\software-management\backend\tests\SoftwareManagement.Api.IntegrationTests\bin\Release\net10.0\SoftwareManagement.Api.IntegrationTests.dll" adapterTypeName="executor://xunit/VsTestRunner3/netcore/" className="SoftwareManagement.Api.IntegrationTests.Identity.AuthorizationMatrixTests" name="REQ_IAM_005_GivesTheEditorNoAccessToPersonalDataOrMoney" />
    </UnitTest>
    <UnitTest name="SoftwareManagement.Api.IntegrationTests.PipelineTests.Liveness_Answers200_WithoutTouchingTheDatabase" storage="g:\software-management\backend\tests\softwaremanagement.api.integrationtests\bin\release\net10.0\softwaremanagement.api.integrationtests.dll" id="a894cfd0-bcc5-5c7c-686d-3565fb0dc6b5">
      <Execution id="62386f7c-a5fc-4792-862e-327e4aff5892" />
      <TestMethod codeBase="G:\software-management\backend\tests\SoftwareManagement.Api.IntegrationTests\bin\Release\net10.0\SoftwareManagement.Api.IntegrationTests.dll" adapterTypeName="executor://xunit/VsTestRunner3/netcore/" className="SoftwareManagement.Api.IntegrationTests.PipelineTests" name="Liveness_Answers200_WithoutTouchingTheDatabase" />
    </UnitTest>
    <UnitTest name="SoftwareManagement.Api.IntegrationTests.Identity.AuthenticationTests.REQ_IAM_012_Returns401MfaRequired_WhenTwoFactorIsEnrolledAndNoCodeIsSupplied" storage="g:\software-management\backend\tests\softwaremanagement.api.integrationtests\bin\release\net10.0\softwaremanagement.api.integrationtests.dll" id="3c4a8281-55e8-81cf-ec65-d62faf6046eb">
      <Execution id="f51107bb-3c1a-4a19-9769-85196e62c633" />
      <TestMethod codeBase="G:\software-management\backend\tests\SoftwareManagement.Api.IntegrationTests\bin\Release\net10.0\SoftwareManagement.Api.IntegrationTests.dll" adapterTypeName="executor://xunit/VsTestRunner3/netcore/" className="SoftwareManagement.Api.IntegrationTests.Identity.AuthenticationTests" name="REQ_IAM_012_Returns401MfaRequired_WhenTwoFactorIsEnrolledAndNoCodeIsSupplied" />
    </UnitTest>
    <UnitTest name="SoftwareManagement.Api.IntegrationTests.Identity.UserAdministrationTests.REQ_IAM_006_ListsUsersForTheAuditorButRefusesTheEditor" storage="g:\software-management\backend\tests\softwaremanagement.api.integrationtests\bin\release\net10.0\softwaremanagement.api.integrationtests.dll" id="c5c217b9-8153-f09b-bef0-caa078e30f9d">
      <Execution id="0c687273-dde8-4a7e-879d-6c9317e0913d" />
      <TestMethod codeBase="G:\software-management\backend\tests\SoftwareManagement.Api.IntegrationTests\bin\Release\net10.0\SoftwareManagement.Api.IntegrationTests.dll" adapterTypeName="executor://xunit/VsTestRunner3/netcore/" className="SoftwareManagement.Api.IntegrationTests.Identity.UserAdministrationTests" name="REQ_IAM_006_ListsUsersForTheAuditorButRefusesTheEditor" />
    </UnitTest>
    <UnitTest name="SoftwareManagement.Api.IntegrationTests.ReadinessTests.Model_HasNoPendingChanges_SoTheDatabaseMatchesTheCode" storage="g:\software-management\backend\tests\softwaremanagement.api.integrationtests\bin\release\net10.0\softwaremanagement.api.integrationtests.dll" id="47a6939e-eed9-59bc-303f-527912e03665">
      <Execution id="3dbd61cb-1280-4b68-bd2a-248b7511c7ca" />
      <TestMethod codeBase="G:\software-management\backend\tests\SoftwareManagement.Api.IntegrationTests\bin\Release\net10.0\SoftwareManagement.Api.IntegrationTests.dll" adapterTypeName="executor://xunit/VsTestRunner3/netcore/" className="SoftwareManagement.Api.IntegrationTests.ReadinessTests" name="Model_HasNoPendingChanges_SoTheDatabaseMatchesTheCode" />
    </UnitTest>
    <UnitTest name="SoftwareManagement.Api.IntegrationTests.Identity.AuthorizationMatrixTests.REQ_IAM_011_LetsTheAuditorReadSignInAttempts" storage="g:\software-management\backend\tests\softwaremanagement.api.integrationtests\bin\release\net10.0\softwaremanagement.api.integrationtests.dll" id="96b84f90-90e0-21e8-2534-5b5c13a4f991">
      <Execution id="496216ac-95e1-4413-8081-efb28a6607ce" />
      <TestMethod codeBase="G:\software-management\backend\tests\SoftwareManagement.Api.IntegrationTests\bin\Release\net10.0\SoftwareManagement.Api.IntegrationTests.dll" adapterTypeName="executor://xunit/VsTestRunner3/netcore/" className="SoftwareManagement.Api.IntegrationTests.Identity.AuthorizationMatrixTests" name="REQ_IAM_011_LetsTheAuditorReadSignInAttempts" />
    </UnitTest>
    <UnitTest name="SoftwareManagement.Api.IntegrationTests.Identity.AuthenticationTests.REQ_IAM_008_Returns202ForAnyAddress_SoTheEndpointCannotEnumerateAccounts" storage="g:\software-management\backend\tests\softwaremanagement.api.integrationtests\bin\release\net10.0\softwaremanagement.api.integrationtests.dll" id="432c57b3-afaf-a2a2-6e25-ae83353508e5">
      <Execution id="35ff5124-b102-49fb-b600-cce63a30e201" />
      <TestMethod codeBase="G:\software-management\backend\tests\SoftwareManagement.Api.IntegrationTests\bin\Release\net10.0\SoftwareManagement.Api.IntegrationTests.dll" adapterTypeName="executor://xunit/VsTestRunner3/netcore/" className="SoftwareManagement.Api.IntegrationTests.Identity.AuthenticationTests" name="REQ_IAM_008_Returns202ForAnyAddress_SoTheEndpointCannotEnumerateAccounts" />
    </UnitTest>
    <UnitTest name="SoftwareManagement.Api.IntegrationTests.InfrastructureRegistrationTests.AddInfrastructure_Throws_WhenTheConnectionStringIsBlank" storage="g:\software-management\backend\tests\softwaremanagement.api.integrationtests\bin\release\net10.0\softwaremanagement.api.integrationtests.dll" id="33e405e1-dace-7f47-bbb0-f632a0a4e6d2">
      <Execution id="1fa9c52e-dfad-4681-89ad-efbb58eb8c5d" />
      <TestMethod codeBase="G:\software-management\backend\tests\SoftwareManagement.Api.IntegrationTests\bin\Release\net10.0\SoftwareManagement.Api.IntegrationTests.dll" adapterTypeName="executor://xunit/VsTestRunner3/netcore/" className="SoftwareManagement.Api.IntegrationTests.InfrastructureRegistrationTests" name="AddInfrastructure_Throws_WhenTheConnectionStringIsBlank" />
    </UnitTest>
    <UnitTest name="SoftwareManagement.Api.IntegrationTests.InfrastructureRegistrationTests.DesignTimeFactory_CreatesAContextSoMigrationsCanBeGeneratedWithoutStartingTheApi" storage="g:\software-management\backend\tests\softwaremanagement.api.integrationtests\bin\release\net10.0\softwaremanagement.api.integrationtests.dll" id="38c2c976-d411-7f6f-0d78-bfd32eb44a8c">
      <Execution id="caaae1c4-c1de-4749-8754-ac1835822469" />
      <TestMethod codeBase="G:\software-management\backend\tests\SoftwareManagement.Api.IntegrationTests\bin\Release\net10.0\SoftwareManagement.Api.IntegrationTests.dll" adapterTypeName="executor://xunit/VsTestRunner3/netcore/" className="SoftwareManagement.Api.IntegrationTests.InfrastructureRegistrationTests" name="DesignTimeFactory_CreatesAContextSoMigrationsCanBeGeneratedWithoutStartingTheApi" />
    </UnitTest>
    <UnitTest name="SoftwareManagement.Api.IntegrationTests.Identity.AuthorizationMatrixTests.REQ_IAM_005_AllowsExactlyTheFrozenAnonymousAllowlist" storage="g:\software-management\backend\tests\softwaremanagement.api.integrationtests\bin\release\net10.0\softwaremanagement.api.integrationtests.dll" id="a8ffe9dc-6131-1c6c-9cb1-5103a9b93973">
      <Execution id="b5fbdbec-4574-4481-9949-127fd30ceb71" />
      <TestMethod codeBase="G:\software-management\backend\tests\SoftwareManagement.Api.IntegrationTests\bin\Release\net10.0\SoftwareManagement.Api.IntegrationTests.dll" adapterTypeName="executor://xunit/VsTestRunner3/netcore/" className="SoftwareManagement.Api.IntegrationTests.Identity.AuthorizationMatrixTests" name="REQ_IAM_005_AllowsExactlyTheFrozenAnonymousAllowlist" />
    </UnitTest>
    <UnitTest name="SoftwareManagement.Api.IntegrationTests.Identity.AuthenticationTests.REQ_IAM_003_Returns401AndRevokesTheWholeChain_WhenARotatedTokenIsPresentedAgain" storage="g:\software-management\backend\tests\softwaremanagement.api.integrationtests\bin\release\net10.0\softwaremanagement.api.integrationtests.dll" id="3d570c9d-2ba2-a592-02f6-6820e6520f89">
      <Execution id="33086e5a-a2c6-4d87-b7e4-4e7e5ed02934" />
      <TestMethod codeBase="G:\software-management\backend\tests\SoftwareManagement.Api.IntegrationTests\bin\Release\net10.0\SoftwareManagement.Api.IntegrationTests.dll" adapterTypeName="executor://xunit/VsTestRunner3/netcore/" className="SoftwareManagement.Api.IntegrationTests.Identity.AuthenticationTests" name="REQ_IAM_003_Returns401AndRevokesTheWholeChain_WhenARotatedTokenIsPresentedAgain" />
    </UnitTest>
    <UnitTest name="SoftwareManagement.Api.IntegrationTests.PipelineTests.UnknownRoute_Returns404_AndNeverLeaksAStackTrace" storage="g:\software-management\backend\tests\softwaremanagement.api.integrationtests\bin\release\net10.0\softwaremanagement.api.integrationtests.dll" id="cb9c3f17-15cd-93b3-0a6d-d91098880341">
      <Execution id="3d479f34-1952-44b7-8ec2-45388e79e68d" />
      <TestMethod codeBase="G:\software-management\backend\tests\SoftwareManagement.Api.IntegrationTests\bin\Release\net10.0\SoftwareManagement.Api.IntegrationTests.dll" adapterTypeName="executor://xunit/VsTestRunner3/netcore/" className="SoftwareManagement.Api.IntegrationTests.PipelineTests" name="UnknownRoute_Returns404_AndNeverLeaksAStackTrace" />
    </UnitTest>
    <UnitTest name="SoftwareManagement.Api.IntegrationTests.PipelineTests.SecurePing_Returns401_ForAGarbageToken" storage="g:\software-management\backend\tests\softwaremanagement.api.integrationtests\bin\release\net10.0\softwaremanagement.api.integrationtests.dll" id="05ad373a-5793-c0f7-c0dd-664a84b0500d">
      <Execution id="48563d5b-7988-448c-986c-051079f89052" />
      <TestMethod codeBase="G:\software-management\backend\tests\SoftwareManagement.Api.IntegrationTests\bin\Release\net10.0\SoftwareManagement.Api.IntegrationTests.dll" adapterTypeName="executor://xunit/VsTestRunner3/netcore/" className="SoftwareManagement.Api.IntegrationTests.PipelineTests" name="SecurePing_Returns401_ForAGarbageToken" />
    </UnitTest>
    <UnitTest name="SoftwareManagement.Api.IntegrationTests.Identity.AuthorizationMatrixTests.REQ_IAM_004_GivesEachRoleExactlyThePermissionsTheMatrixGrantsIt" storage="g:\software-management\backend\tests\softwaremanagement.api.integrationtests\bin\release\net10.0\softwaremanagement.api.integrationtests.dll" id="75d5ef8f-7fb6-297d-e9fd-082e02e1058f">
      <Execution id="b9564fac-f676-42e9-b7cf-eabb7468f251" />
      <TestMethod codeBase="G:\software-management\backend\tests\SoftwareManagement.Api.IntegrationTests\bin\Release\net10.0\SoftwareManagement.Api.IntegrationTests.dll" adapterTypeName="executor://xunit/VsTestRunner3/netcore/" className="SoftwareManagement.Api.IntegrationTests.Identity.AuthorizationMatrixTests" name="REQ_IAM_004_GivesEachRoleExactlyThePermissionsTheMatrixGrantsIt" />
    </UnitTest>
    <UnitTest name="SoftwareManagement.Api.IntegrationTests.PipelineTests.SecurePing_Returns401_ForAnAnonymousCaller" storage="g:\software-management\backend\tests\softwaremanagement.api.integrationtests\bin\release\net10.0\softwaremanagement.api.integrationtests.dll" id="fcabc442-49ea-ed54-3d5f-079426aad631">
      <Execution id="801b7cb6-7998-4acb-a7a0-cf374fef528c" />
      <TestMethod codeBase="G:\software-management\backend\tests\SoftwareManagement.Api.IntegrationTests\bin\Release\net10.0\SoftwareManagement.Api.IntegrationTests.dll" adapterTypeName="executor://xunit/VsTestRunner3/netcore/" className="SoftwareManagement.Api.IntegrationTests.PipelineTests" name="SecurePing_Returns401_ForAnAnonymousCaller" />
    </UnitTest>
    <UnitTest name="SoftwareManagement.Api.IntegrationTests.InfrastructureRegistrationTests.SystemClock_ReturnsUtc_NeverLocalTime" storage="g:\software-management\backend\tests\softwaremanagement.api.integrationtests\bin\release\net10.0\softwaremanagement.api.integrationtests.dll" id="3618c3b8-74bf-6405-4546-ca16ddd22aca">
      <Execution id="fea0f3ec-fa9c-4038-9bdc-652f06349851" />
      <TestMethod codeBase="G:\software-management\backend\tests\SoftwareManagement.Api.IntegrationTests\bin\Release\net10.0\SoftwareManagement.Api.IntegrationTests.dll" adapterTypeName="executor://xunit/VsTestRunner3/netcore/" className="SoftwareManagement.Api.IntegrationTests.InfrastructureRegistrationTests" name="SystemClock_ReturnsUtc_NeverLocalTime" />
    </UnitTest>
    <UnitTest name="SoftwareManagement.Api.IntegrationTests.Identity.AuthorizationMatrixTests.REQ_IAM_011_Returns403_WhenAnEditorAsksForTheSignInLog" storage="g:\software-management\backend\tests\softwaremanagement.api.integrationtests\bin\release\net10.0\softwaremanagement.api.integrationtests.dll" id="24a1b023-779f-69d7-d911-b6d5a0d7d1bc">
      <Execution id="52c2204d-fe6b-4ed3-8b91-6ad893ed0dfc" />
      <TestMethod codeBase="G:\software-management\backend\tests\SoftwareManagement.Api.IntegrationTests\bin\Release\net10.0\SoftwareManagement.Api.IntegrationTests.dll" adapterTypeName="executor://xunit/VsTestRunner3/netcore/" className="SoftwareManagement.Api.IntegrationTests.Identity.AuthorizationMatrixTests" name="REQ_IAM_011_Returns403_WhenAnEditorAsksForTheSignInLog" />
    </UnitTest>
    <UnitTest name="SoftwareManagement.Api.IntegrationTests.Identity.AuthenticationTests.REQ_IAM_001_Returns200AndAnAccessToken_ForCorrectCredentials" storage="g:\software-management\backend\tests\softwaremanagement.api.integrationtests\bin\release\net10.0\softwaremanagement.api.integrationtests.dll" id="bcee3310-1f4f-1a94-7003-3d9995b04747">
      <Execution id="a8a367d6-8a29-41e2-9d2a-d59360cc3e16" />
      <TestMethod codeBase="G:\software-management\backend\tests\SoftwareManagement.Api.IntegrationTests\bin\Release\net10.0\SoftwareManagement.Api.IntegrationTests.dll" adapterTypeName="executor://xunit/VsTestRunner3/netcore/" className="SoftwareManagement.Api.IntegrationTests.Identity.AuthenticationTests" name="REQ_IAM_001_Returns200AndAnAccessToken_ForCorrectCredentials" />
    </UnitTest>
    <UnitTest name="SoftwareManagement.Api.IntegrationTests.Identity.UserAdministrationTests.REQ_IAM_007_Returns409_WhenDeactivatingTheLastOwner" storage="g:\software-management\backend\tests\softwaremanagement.api.integrationtests\bin\release\net10.0\softwaremanagement.api.integrationtests.dll" id="2af7fc1e-8c6d-a607-4e2d-324e95793a7a">
      <Execution id="85359022-6569-4bc9-850a-ec44bce42336" />
      <TestMethod codeBase="G:\software-management\backend\tests\SoftwareManagement.Api.IntegrationTests\bin\Release\net10.0\SoftwareManagement.Api.IntegrationTests.dll" adapterTypeName="executor://xunit/VsTestRunner3/netcore/" className="SoftwareManagement.Api.IntegrationTests.Identity.UserAdministrationTests" name="REQ_IAM_007_Returns409_WhenDeactivatingTheLastOwner" />
    </UnitTest>
    <UnitTest name="SoftwareManagement.Api.IntegrationTests.InfrastructureRegistrationTests.AddInfrastructure_RegistersTheDbContextAndTheClock" storage="g:\software-management\backend\tests\softwaremanagement.api.integrationtests\bin\release\net10.0\softwaremanagement.api.integrationtests.dll" id="58853ba1-246c-9947-d3c2-9d812e5a0016">
      <Execution id="619a9de9-218b-4930-83ef-7258dd366811" />
      <TestMethod codeBase="G:\software-management\backend\tests\SoftwareManagement.Api.IntegrationTests\bin\Release\net10.0\SoftwareManagement.Api.IntegrationTests.dll" adapterTypeName="executor://xunit/VsTestRunner3/netcore/" className="SoftwareManagement.Api.IntegrationTests.InfrastructureRegistrationTests" name="AddInfrastructure_RegistersTheDbContextAndTheClock" />
    </UnitTest>
    <UnitTest name="SoftwareManagement.Api.IntegrationTests.Identity.AuthenticationTests.REQ_IAM_009_Returns401_WhenNobodyIsSignedIn" storage="g:\software-management\backend\tests\softwaremanagement.api.integrationtests\bin\release\net10.0\softwaremanagement.api.integrationtests.dll" id="6e49c53c-9217-d127-2866-89fbccebebe4">
      <Execution id="419733c4-41e9-4329-886a-7a33a7d6aae1" />
      <TestMethod codeBase="G:\software-management\backend\tests\SoftwareManagement.Api.IntegrationTests\bin\Release\net10.0\SoftwareManagement.Api.IntegrationTests.dll" adapterTypeName="executor://xunit/VsTestRunner3/netcore/" className="SoftwareManagement.Api.IntegrationTests.Identity.AuthenticationTests" name="REQ_IAM_009_Returns401_WhenNobodyIsSignedIn" />
    </UnitTest>
    <UnitTest name="SoftwareManagement.Api.IntegrationTests.Identity.UserAdministrationTests.REQ_IAM_004_ChangesAUsersRoleAndAuditsTheChange" storage="g:\software-management\backend\tests\softwaremanagement.api.integrationtests\bin\release\net10.0\softwaremanagement.api.integrationtests.dll" id="47d95d40-350a-876b-e176-8c8fcf147901">
      <Execution id="7243e017-be3e-44f7-8fab-00a0e0008c7f" />
      <TestMethod codeBase="G:\software-management\backend\tests\SoftwareManagement.Api.IntegrationTests\bin\Release\net10.0\SoftwareManagement.Api.IntegrationTests.dll" adapterTypeName="executor://xunit/VsTestRunner3/netcore/" className="SoftwareManagement.Api.IntegrationTests.Identity.UserAdministrationTests" name="REQ_IAM_004_ChangesAUsersRoleAndAuditsTheChange" />
    </UnitTest>
    <UnitTest name="SoftwareManagement.Api.IntegrationTests.Identity.UserAdministrationTests.REQ_IAM_007_Returns404_ForAUserThatDoesNotExist" storage="g:\software-management\backend\tests\softwaremanagement.api.integrationtests\bin\release\net10.0\softwaremanagement.api.integrationtests.dll" id="3ff15186-44db-3e4f-62a9-99bc40d059d8">
      <Execution id="f51c810e-07d4-4561-8859-434546b9f9d6" />
      <TestMethod codeBase="G:\software-management\backend\tests\SoftwareManagement.Api.IntegrationTests\bin\Release\net10.0\SoftwareManagement.Api.IntegrationTests.dll" adapterTypeName="executor://xunit/VsTestRunner3/netcore/" className="SoftwareManagement.Api.IntegrationTests.Identity.UserAdministrationTests" name="REQ_IAM_007_Returns404_ForAUserThatDoesNotExist" />
    </UnitTest>
    <UnitTest name="SoftwareManagement.Api.IntegrationTests.ReadinessTests.MigrationsHistory_ContainsTheInitialMigration_SoTheSchemaIsBuiltFromMigrationsAlone" storage="g:\software-management\backend\tests\softwaremanagement.api.integrationtests\bin\release\net10.0\softwaremanagement.api.integrationtests.dll" id="08351177-d710-4c67-897f-ff7aba5eadea">
      <Execution id="d7993b07-0332-4281-8e95-04642901648f" />
      <TestMethod codeBase="G:\software-management\backend\tests\SoftwareManagement.Api.IntegrationTests\bin\Release\net10.0\SoftwareManagement.Api.IntegrationTests.dll" adapterTypeName="executor://xunit/VsTestRunner3/netcore/" className="SoftwareManagement.Api.IntegrationTests.ReadinessTests" name="MigrationsHistory_ContainsTheInitialMigration_SoTheSchemaIsBuiltFromMigrationsAlone" />
    </UnitTest>
    <UnitTest name="SoftwareManagement.Api.IntegrationTests.Identity.AuthorizationMatrixTests.REQ_IAM_011_ClampsThePageSize_SoOneRequestCannotDrainTheTable" storage="g:\software-management\backend\tests\softwaremanagement.api.integrationtests\bin\release\net10.0\softwaremanagement.api.integrationtests.dll" id="bd56576c-8ab9-c17e-8f92-0369874035c1">
      <Execution id="1d8273c9-1df6-4934-9fc4-73475da07a5b" />
      <TestMethod codeBase="G:\software-management\backend\tests\SoftwareManagement.Api.IntegrationTests\bin\Release\net10.0\SoftwareManagement.Api.IntegrationTests.dll" adapterTypeName="executor://xunit/VsTestRunner3/netcore/" className="SoftwareManagement.Api.IntegrationTests.Identity.AuthorizationMatrixTests" name="REQ_IAM_011_ClampsThePageSize_SoOneRequestCannotDrainTheTable" />
    </UnitTest>
  </TestDefinitions>
  <TestEntries>
    <TestEntry testId="bb35a0d0-7d94-9cbb-7ef3-55c9a9b91774" executionId="15291a9e-ddcd-41c8-9e90-daa8c8ad0c0b" testListId="8c84fa94-04c1-424b-9868-57a2d4851a1d" />
    <TestEntry testId="67104cfb-2d99-ca3b-a6de-921b91db5cfb" executionId="65e203a7-bb17-4abc-ac2d-7ac2d21d570e" testListId="8c84fa94-04c1-424b-9868-57a2d4851a1d" />
    <TestEntry testId="c5c217b9-8153-f09b-bef0-caa078e30f9d" executionId="0c687273-dde8-4a7e-879d-6c9317e0913d" testListId="8c84fa94-04c1-424b-9868-57a2d4851a1d" />
    <TestEntry testId="36b625fb-743b-53a8-b934-35c4775d4639" executionId="90d23a7f-b904-4c56-b4b4-67f3e01d2afc" testListId="8c84fa94-04c1-424b-9868-57a2d4851a1d" />
    <TestEntry testId="33e405e1-dace-7f47-bbb0-f632a0a4e6d2" executionId="1fa9c52e-dfad-4681-89ad-efbb58eb8c5d" testListId="8c84fa94-04c1-424b-9868-57a2d4851a1d" />
    <TestEntry testId="10fc1172-5b9a-e433-95fe-23acc6955168" executionId="78837393-257b-41d5-9cf4-3eb62f576371" testListId="8c84fa94-04c1-424b-9868-57a2d4851a1d" />
    <TestEntry testId="c1b786ea-62fc-47f0-9036-6d3c5242383f" executionId="c2ae7ac3-fa51-4337-8376-d055da46bc69" testListId="8c84fa94-04c1-424b-9868-57a2d4851a1d" />
    <TestEntry testId="47d95d40-350a-876b-e176-8c8fcf147901" executionId="7243e017-be3e-44f7-8fab-00a0e0008c7f" testListId="8c84fa94-04c1-424b-9868-57a2d4851a1d" />
    <TestEntry testId="3a758d35-dec5-2d83-36d5-403609f335f3" executionId="65c1c8ec-607a-4d98-8198-13b2b0e7cb15" testListId="8c84fa94-04c1-424b-9868-57a2d4851a1d" />
    <TestEntry testId="08351177-d710-4c67-897f-ff7aba5eadea" executionId="d7993b07-0332-4281-8e95-04642901648f" testListId="8c84fa94-04c1-424b-9868-57a2d4851a1d" />
    <TestEntry testId="acc4675e-1897-51f7-93d1-72a0bb0db28b" executionId="e9cf7fb7-f07d-4b66-9139-37516d2aa439" testListId="8c84fa94-04c1-424b-9868-57a2d4851a1d" />
    <TestEntry testId="432c57b3-afaf-a2a2-6e25-ae83353508e5" executionId="35ff5124-b102-49fb-b600-cce63a30e201" testListId="8c84fa94-04c1-424b-9868-57a2d4851a1d" />
    <TestEntry testId="38c2c976-d411-7f6f-0d78-bfd32eb44a8c" executionId="caaae1c4-c1de-4749-8754-ac1835822469" testListId="8c84fa94-04c1-424b-9868-57a2d4851a1d" />
    <TestEntry testId="29c6d260-cd84-ff3c-82a8-89b2873feef9" executionId="7b752a39-55a4-430b-8087-9a521d33ab7c" testListId="8c84fa94-04c1-424b-9868-57a2d4851a1d" />
    <TestEntry testId="d730ccfd-ed80-6d44-d6b0-13ca355d9450" executionId="522aa6ca-6ca8-4e49-b1c9-a65a837f0663" testListId="8c84fa94-04c1-424b-9868-57a2d4851a1d" />
    <TestEntry testId="1ebd049f-ce84-7c2d-ca03-5e2a53c1eed6" executionId="32eecf6b-f07b-4a88-b271-61765621d772" testListId="8c84fa94-04c1-424b-9868-57a2d4851a1d" />
    <TestEntry testId="75d5ef8f-7fb6-297d-e9fd-082e02e1058f" executionId="b9564fac-f676-42e9-b7cf-eabb7468f251" testListId="8c84fa94-04c1-424b-9868-57a2d4851a1d" />
    <TestEntry testId="3d570c9d-2ba2-a592-02f6-6820e6520f89" executionId="33086e5a-a2c6-4d87-b7e4-4e7e5ed02934" testListId="8c84fa94-04c1-424b-9868-57a2d4851a1d" />
    <TestEntry testId="25aa2c9d-09b1-324e-abe7-8b3f9aaf54dc" executionId="39451773-1828-4bd0-88f7-45d4befb6b40" testListId="8c84fa94-04c1-424b-9868-57a2d4851a1d" />
    <TestEntry testId="29a8bfb1-e669-6f61-6740-9d3c04535eb9" executionId="df2d7454-1cb9-4dbe-bbe3-55ea46acfdd7" testListId="8c84fa94-04c1-424b-9868-57a2d4851a1d" />
    <TestEntry testId="6e49c53c-9217-d127-2866-89fbccebebe4" executionId="419733c4-41e9-4329-886a-7a33a7d6aae1" testListId="8c84fa94-04c1-424b-9868-57a2d4851a1d" />
    <TestEntry testId="47a6939e-eed9-59bc-303f-527912e03665" executionId="3dbd61cb-1280-4b68-bd2a-248b7511c7ca" testListId="8c84fa94-04c1-424b-9868-57a2d4851a1d" />
    <TestEntry testId="1656ab07-73cb-724e-d7db-4057024ab14a" executionId="cd90df36-7ed2-4adc-b324-14117235aeee" testListId="8c84fa94-04c1-424b-9868-57a2d4851a1d" />
    <TestEntry testId="9503c57b-6485-f82e-c71c-bb111396f515" executionId="79178629-ff13-43b1-b61a-4b9f1bce888f" testListId="8c84fa94-04c1-424b-9868-57a2d4851a1d" />
    <TestEntry testId="bd56576c-8ab9-c17e-8f92-0369874035c1" executionId="1d8273c9-1df6-4934-9fc4-73475da07a5b" testListId="8c84fa94-04c1-424b-9868-57a2d4851a1d" />
    <TestEntry testId="96b84f90-90e0-21e8-2534-5b5c13a4f991" executionId="496216ac-95e1-4413-8081-efb28a6607ce" testListId="8c84fa94-04c1-424b-9868-57a2d4851a1d" />
    <TestEntry testId="a894cfd0-bcc5-5c7c-686d-3565fb0dc6b5" executionId="62386f7c-a5fc-4792-862e-327e4aff5892" testListId="8c84fa94-04c1-424b-9868-57a2d4851a1d" />
    <TestEntry testId="24a1b023-779f-69d7-d911-b6d5a0d7d1bc" executionId="52c2204d-fe6b-4ed3-8b91-6ad893ed0dfc" testListId="8c84fa94-04c1-424b-9868-57a2d4851a1d" />
    <TestEntry testId="cb9c3f17-15cd-93b3-0a6d-d91098880341" executionId="3d479f34-1952-44b7-8ec2-45388e79e68d" testListId="8c84fa94-04c1-424b-9868-57a2d4851a1d" />
    <TestEntry testId="2ce37273-daad-409d-f736-1d18af71ab9e" executionId="9b951963-6397-4985-8458-c3aede3b5612" testListId="8c84fa94-04c1-424b-9868-57a2d4851a1d" />
    <TestEntry testId="dbda683e-d922-ff34-7b10-1242be1eddc1" executionId="09e7b212-0d17-4e08-a5a0-8ab4fb87fe24" testListId="8c84fa94-04c1-424b-9868-57a2d4851a1d" />
    <TestEntry testId="bcee3310-1f4f-1a94-7003-3d9995b04747" executionId="a8a367d6-8a29-41e2-9d2a-d59360cc3e16" testListId="8c84fa94-04c1-424b-9868-57a2d4851a1d" />
    <TestEntry testId="5dc97ee6-96a1-d4f1-b389-915c35a759f8" executionId="08f21490-6828-48eb-b542-f8e4406dead6" testListId="8c84fa94-04c1-424b-9868-57a2d4851a1d" />
    <TestEntry testId="3c4a8281-55e8-81cf-ec65-d62faf6046eb" executionId="f51107bb-3c1a-4a19-9769-85196e62c633" testListId="8c84fa94-04c1-424b-9868-57a2d4851a1d" />
    <TestEntry testId="f1f020ca-ba61-7442-1df0-5e9b91512378" executionId="e8455d81-5cc3-46c5-9a17-7d93253c2321" testListId="8c84fa94-04c1-424b-9868-57a2d4851a1d" />
    <TestEntry testId="2af7fc1e-8c6d-a607-4e2d-324e95793a7a" executionId="85359022-6569-4bc9-850a-ec44bce42336" testListId="8c84fa94-04c1-424b-9868-57a2d4851a1d" />
    <TestEntry testId="3ff15186-44db-3e4f-62a9-99bc40d059d8" executionId="f51c810e-07d4-4561-8859-434546b9f9d6" testListId="8c84fa94-04c1-424b-9868-57a2d4851a1d" />
    <TestEntry testId="05ad373a-5793-c0f7-c0dd-664a84b0500d" executionId="48563d5b-7988-448c-986c-051079f89052" testListId="8c84fa94-04c1-424b-9868-57a2d4851a1d" />
    <TestEntry testId="3618c3b8-74bf-6405-4546-ca16ddd22aca" executionId="fea0f3ec-fa9c-4038-9bdc-652f06349851" testListId="8c84fa94-04c1-424b-9868-57a2d4851a1d" />
    <TestEntry testId="f36b4b36-476a-1049-d816-7b0cc33a8cd2" executionId="9a7e1d3a-7a30-49bc-86ff-ad83d8b4d49a" testListId="8c84fa94-04c1-424b-9868-57a2d4851a1d" />
    <TestEntry testId="58853ba1-246c-9947-d3c2-9d812e5a0016" executionId="619a9de9-218b-4930-83ef-7258dd366811" testListId="8c84fa94-04c1-424b-9868-57a2d4851a1d" />
    <TestEntry testId="070f8695-b9b9-a676-e899-56bc38145031" executionId="fb2b5c65-3134-425b-9526-0a066ecdf575" testListId="8c84fa94-04c1-424b-9868-57a2d4851a1d" />
    <TestEntry testId="fcabc442-49ea-ed54-3d5f-079426aad631" executionId="801b7cb6-7998-4acb-a7a0-cf374fef528c" testListId="8c84fa94-04c1-424b-9868-57a2d4851a1d" />
    <TestEntry testId="a8ffe9dc-6131-1c6c-9cb1-5103a9b93973" executionId="b5fbdbec-4574-4481-9949-127fd30ceb71" testListId="8c84fa94-04c1-424b-9868-57a2d4851a1d" />
    <TestEntry testId="a1beba10-c274-0de4-e53e-4ffe2592cd47" executionId="e85725ba-dc17-4492-9e6d-0f7d7f4464cb" testListId="8c84fa94-04c1-424b-9868-57a2d4851a1d" />
    <TestEntry testId="c66b1e93-356c-3920-939c-31daf6086f2e" executionId="da5f6d7d-bb2e-4f05-b4c9-e78667a0800a" testListId="8c84fa94-04c1-424b-9868-57a2d4851a1d" />
    <TestEntry testId="724ed3d1-5144-f91e-0cb6-e65d0b2a22a2" executionId="e666a855-5046-4c26-b9da-6bf9548dd68b" testListId="8c84fa94-04c1-424b-9868-57a2d4851a1d" />
    <TestEntry testId="a7eef393-87cd-b147-3942-ed2a1c709d72" executionId="6d9ad9cf-c035-4ebc-9555-716c591e11b3" testListId="8c84fa94-04c1-424b-9868-57a2d4851a1d" />
    <TestEntry testId="657f3dc5-4a14-fa89-8a54-4c695305c3fd" executionId="17ad6743-7c23-46ba-ba99-d7710e9ca2a7" testListId="8c84fa94-04c1-424b-9868-57a2d4851a1d" />
    <TestEntry testId="1360d691-9702-517e-6889-732774a3a26b" executionId="165ba290-ca96-47ea-94a0-e9ae47f1743b" testListId="8c84fa94-04c1-424b-9868-57a2d4851a1d" />
  </TestEntries>
  <TestLists>
    <TestList name="Results Not in a List" id="8c84fa94-04c1-424b-9868-57a2d4851a1d" />
    <TestList name="All Loaded Results" id="19431567-8539-422a-85d7-44ee4e166bda" />
  </TestLists>
  <ResultSummary outcome="Completed">
    <Counters total="50" executed="50" passed="50" failed="0" error="0" timeout="0" aborted="0" inconclusive="0" passedButRunAborted="0" notRunnable="0" notExecuted="0" disconnected="0" warning="0" completed="0" inProgress="0" pending="0" />
    <Output>
      <StdOut>[xUnit.net 00:00:00.00] xUnit.net VSTest Adapter v3.1.4+50e68bbb8b (64-bit .NET 10.0.11)&#xD;
[xUnit.net 00:00:07.51]   Discovering: SoftwareManagement.Api.IntegrationTests&#xD;
[xUnit.net 00:00:07.67]   Discovered:  SoftwareManagement.Api.IntegrationTests&#xD;
[xUnit.net 00:00:07.70]   Starting:    SoftwareManagement.Api.IntegrationTests&#xD;
[xUnit.net 00:00:21.32]   Finished:    SoftwareManagement.Api.IntegrationTests&#xD;
</StdOut>
    </Output>
  </ResultSummary>
</TestRun>