<?xml version="1.0" encoding="utf-8"?>
<TestRun id="3a49d522-1a56-4222-9762-f0774f8b79e8" name="jsrkm@JSRKMANISHKUMAR 2026-09-08 06:41:19" runUser="JSRKMANISHKUMAR\jsrkm" xmlns="http://microsoft.com/schemas/VisualStudio/TeamTest/2010">
  <Times creation="2026-09-08T06:41:19.3703255+05:30" queuing="2026-09-08T06:41:19.3703258+05:30" start="2026-09-08T06:41:13.2140012+05:30" finish="2026-09-08T06:41:19.3755224+05:30" />
  <TestSettings name="default" id="ea44bc93-5867-4a58-99bd-5f7b668827f7">
    <Deployment runDeploymentRoot="jsrkm_JSRKMANISHKUMAR_2026-09-08_06_41_19" />
  </TestSettings>
  <Results>
    <UnitTestResult executionId="32b2715f-a4bd-4765-8fac-9e6bc8960705" testId="a6e090f5-6bbe-b3ea-38f3-eb4c8e3f81d0" testName="SoftwareManagement.Architecture.Tests.LayeringTests.Application_DoesNotReferenceAspNetCoreMvc" computerName="JSRKMANISHKUMAR" duration="00:00:00.0005065" startTime="2026-09-08T06:41:19.2813509+05:30" endTime="2026-09-08T06:41:19.2814262+05:30" testType="13cdc9d9-ddb5-4fa4-a97d-d965ccfc6d4b" outcome="Passed" testListId="8c84fa94-04c1-424b-9868-57a2d4851a1d" relativeResultsDirectory="32b2715f-a4bd-4765-8fac-9e6bc8960705" />
    <UnitTestResult executionId="16dd0bed-e007-475f-bf48-dc9d4462afac" testId="c6abccdb-93ec-c03f-7ae8-c3c42358e41d" testName="SoftwareManagement.Architecture.Tests.LayeringTests.Api_IsTheOnlyProjectAllowedToDependOnInfrastructure" computerName="JSRKMANISHKUMAR" duration="00:00:00.2521828" startTime="2026-09-08T06:41:19.0337520+05:30" endTime="2026-09-08T06:41:19.2665672+05:30" testType="13cdc9d9-ddb5-4fa4-a97d-d965ccfc6d4b" outcome="Passed" testListId="8c84fa94-04c1-424b-9868-57a2d4851a1d" relativeResultsDirectory="16dd0bed-e007-475f-bf48-dc9d4462afac" />
    <UnitTestResult executionId="57507ac9-1b88-4200-85e2-3864dc6a6f70" testId="42a958a5-39fc-867d-2225-f99e278c252e" testName="SoftwareManagement.Architecture.Tests.LayeringTests.Domain_DoesNotReferenceEntityFrameworkCore" computerName="JSRKMANISHKUMAR" duration="00:00:00.0005945" startTime="2026-09-08T06:41:19.2818397+05:30" endTime="2026-09-08T06:41:19.2821709+05:30" testType="13cdc9d9-ddb5-4fa4-a97d-d965ccfc6d4b" outcome="Passed" testListId="8c84fa94-04c1-424b-9868-57a2d4851a1d" relativeResultsDirectory="57507ac9-1b88-4200-85e2-3864dc6a6f70" />
    <UnitTestResult executionId="9fd6944d-63ec-4b01-8d89-37c708f9409f" testId="46031641-a35a-bdfd-01a3-1a3ee6440020" testName="SoftwareManagement.Architecture.Tests.LayeringTests.Infrastructure_ReferencesApplication_AndNotTheApiLayer" computerName="JSRKMANISHKUMAR" duration="00:00:00.0004857" startTime="2026-09-08T06:41:19.2816272+05:30" endTime="2026-09-08T06:41:19.2816896+05:30" testType="13cdc9d9-ddb5-4fa4-a97d-d965ccfc6d4b" outcome="Passed" testListId="8c84fa94-04c1-424b-9868-57a2d4851a1d" relativeResultsDirectory="9fd6944d-63ec-4b01-8d89-37c708f9409f" />
    <UnitTestResult executionId="afa21a50-eed7-4e56-ab3a-ade40114c41b" testId="7264c2e2-eb00-6cb4-29a7-44d95c304d10" testName="SoftwareManagement.Architecture.Tests.LayeringTests.Application_ReferencesDomain_SoDependenciesPointInward" computerName="JSRKMANISHKUMAR" duration="00:00:00.0005358" startTime="2026-09-08T06:41:19.2807907+05:30" endTime="2026-09-08T06:41:19.2808618+05:30" testType="13cdc9d9-ddb5-4fa4-a97d-d965ccfc6d4b" outcome="Passed" testListId="8c84fa94-04c1-424b-9868-57a2d4851a1d" relativeResultsDirectory="afa21a50-eed7-4e56-ab3a-ade40114c41b" />
    <UnitTestResult executionId="8ac66ae6-8c5b-44e3-8f24-0fa5bfd8b012" testId="037a6fcb-c2da-537e-dc0c-578202470c6b" testName="SoftwareManagement.Architecture.Tests.LayeringTests.Application_DoesNotReferenceInfrastructure" computerName="JSRKMANISHKUMAR" duration="00:00:00.0006635" startTime="2026-09-08T06:41:19.2810235+05:30" endTime="2026-09-08T06:41:19.2810827+05:30" testType="13cdc9d9-ddb5-4fa4-a97d-d965ccfc6d4b" outcome="Passed" testListId="8c84fa94-04c1-424b-9868-57a2d4851a1d" relativeResultsDirectory="8ac66ae6-8c5b-44e3-8f24-0fa5bfd8b012" />
    <UnitTestResult executionId="3261c395-108e-4e75-9fe6-3eabf8b2f38f" testId="9656c69e-fece-3117-f721-8242f57b5b74" testName="SoftwareManagement.Architecture.Tests.LayeringTests.Domain_DoesNotReferenceAnyOtherProjectInTheSolution" computerName="JSRKMANISHKUMAR" duration="00:00:00.0020255" startTime="2026-09-08T06:41:19.2794385+05:30" endTime="2026-09-08T06:41:19.2795877+05:30" testType="13cdc9d9-ddb5-4fa4-a97d-d965ccfc6d4b" outcome="Passed" testListId="8c84fa94-04c1-424b-9868-57a2d4851a1d" relativeResultsDirectory="3261c395-108e-4e75-9fe6-3eabf8b2f38f" />
  </Results>
  <TestDefinitions>
    <UnitTest name="SoftwareManagement.Architecture.Tests.LayeringTests.Application_DoesNotReferenceInfrastructure" storage="g:\software-management\backend\tests\softwaremanagement.architecture.tests\bin\release\net10.0\softwaremanagement.architecture.tests.dll" id="037a6fcb-c2da-537e-dc0c-578202470c6b">
      <Execution id="8ac66ae6-8c5b-44e3-8f24-0fa5bfd8b012" />
      <TestMethod codeBase="G:\software-management\backend\tests\SoftwareManagement.Architecture.Tests\bin\Release\net10.0\SoftwareManagement.Architecture.Tests.dll" adapterTypeName="executor://xunit/VsTestRunner3/netcore/" className="SoftwareManagement.Architecture.Tests.LayeringTests" name="Application_DoesNotReferenceInfrastructure" />
    </UnitTest>
    <UnitTest name="SoftwareManagement.Architecture.Tests.LayeringTests.Api_IsTheOnlyProjectAllowedToDependOnInfrastructure" storage="g:\software-management\backend\tests\softwaremanagement.architecture.tests\bin\release\net10.0\softwaremanagement.architecture.tests.dll" id="c6abccdb-93ec-c03f-7ae8-c3c42358e41d">
      <Execution id="16dd0bed-e007-475f-bf48-dc9d4462afac" />
      <TestMethod codeBase="G:\software-management\backend\tests\SoftwareManagement.Architecture.Tests\bin\Release\net10.0\SoftwareManagement.Architecture.Tests.dll" adapterTypeName="executor://xunit/VsTestRunner3/netcore/" className="SoftwareManagement.Architecture.Tests.LayeringTests" name="Api_IsTheOnlyProjectAllowedToDependOnInfrastructure" />
    </UnitTest>
    <UnitTest name="SoftwareManagement.Architecture.Tests.LayeringTests.Domain_DoesNotReferenceAnyOtherProjectInTheSolution" storage="g:\software-management\backend\tests\softwaremanagement.architecture.tests\bin\release\net10.0\softwaremanagement.architecture.tests.dll" id="9656c69e-fece-3117-f721-8242f57b5b74">
      <Execution id="3261c395-108e-4e75-9fe6-3eabf8b2f38f" />
      <TestMethod codeBase="G:\software-management\backend\tests\SoftwareManagement.Architecture.Tests\bin\Release\net10.0\SoftwareManagement.Architecture.Tests.dll" adapterTypeName="executor://xunit/VsTestRunner3/netcore/" className="SoftwareManagement.Architecture.Tests.LayeringTests" name="Domain_DoesNotReferenceAnyOtherProjectInTheSolution" />
    </UnitTest>
    <UnitTest name="SoftwareManagement.Architecture.Tests.LayeringTests.Infrastructure_ReferencesApplication_AndNotTheApiLayer" storage="g:\software-management\backend\tests\softwaremanagement.architecture.tests\bin\release\net10.0\softwaremanagement.architecture.tests.dll" id="46031641-a35a-bdfd-01a3-1a3ee6440020">
      <Execution id="9fd6944d-63ec-4b01-8d89-37c708f9409f" />
      <TestMethod codeBase="G:\software-management\backend\tests\SoftwareManagement.Architecture.Tests\bin\Release\net10.0\SoftwareManagement.Architecture.Tests.dll" adapterTypeName="executor://xunit/VsTestRunner3/netcore/" className="SoftwareManagement.Architecture.Tests.LayeringTests" name="Infrastructure_ReferencesApplication_AndNotTheApiLayer" />
    </UnitTest>
    <UnitTest name="SoftwareManagement.Architecture.Tests.LayeringTests.Domain_DoesNotReferenceEntityFrameworkCore" storage="g:\software-management\backend\tests\softwaremanagement.architecture.tests\bin\release\net10.0\softwaremanagement.architecture.tests.dll" id="42a958a5-39fc-867d-2225-f99e278c252e">
      <Execution id="57507ac9-1b88-4200-85e2-3864dc6a6f70" />
      <TestMethod codeBase="G:\software-management\backend\tests\SoftwareManagement.Architecture.Tests\bin\Release\net10.0\SoftwareManagement.Architecture.Tests.dll" adapterTypeName="executor://xunit/VsTestRunner3/netcore/" className="SoftwareManagement.Architecture.Tests.LayeringTests" name="Domain_DoesNotReferenceEntityFrameworkCore" />
    </UnitTest>
    <UnitTest name="SoftwareManagement.Architecture.Tests.LayeringTests.Application_ReferencesDomain_SoDependenciesPointInward" storage="g:\software-management\backend\tests\softwaremanagement.architecture.tests\bin\release\net10.0\softwaremanagement.architecture.tests.dll" id="7264c2e2-eb00-6cb4-29a7-44d95c304d10">
      <Execution id="afa21a50-eed7-4e56-ab3a-ade40114c41b" />
      <TestMethod codeBase="G:\software-management\backend\tests\SoftwareManagement.Architecture.Tests\bin\Release\net10.0\SoftwareManagement.Architecture.Tests.dll" adapterTypeName="executor://xunit/VsTestRunner3/netcore/" className="SoftwareManagement.Architecture.Tests.LayeringTests" name="Application_ReferencesDomain_SoDependenciesPointInward" />
    </UnitTest>
    <UnitTest name="SoftwareManagement.Architecture.Tests.LayeringTests.Application_DoesNotReferenceAspNetCoreMvc" storage="g:\software-management\backend\tests\softwaremanagement.architecture.tests\bin\release\net10.0\softwaremanagement.architecture.tests.dll" id="a6e090f5-6bbe-b3ea-38f3-eb4c8e3f81d0">
      <Execution id="32b2715f-a4bd-4765-8fac-9e6bc8960705" />
      <TestMethod codeBase="G:\software-management\backend\tests\SoftwareManagement.Architecture.Tests\bin\Release\net10.0\SoftwareManagement.Architecture.Tests.dll" adapterTypeName="executor://xunit/VsTestRunner3/netcore/" className="SoftwareManagement.Architecture.Tests.LayeringTests" name="Application_DoesNotReferenceAspNetCoreMvc" />
    </UnitTest>
  </TestDefinitions>
  <TestEntries>
    <TestEntry testId="a6e090f5-6bbe-b3ea-38f3-eb4c8e3f81d0" executionId="32b2715f-a4bd-4765-8fac-9e6bc8960705" testListId="8c84fa94-04c1-424b-9868-57a2d4851a1d" />
    <TestEntry testId="c6abccdb-93ec-c03f-7ae8-c3c42358e41d" executionId="16dd0bed-e007-475f-bf48-dc9d4462afac" testListId="8c84fa94-04c1-424b-9868-57a2d4851a1d" />
    <TestEntry testId="42a958a5-39fc-867d-2225-f99e278c252e" executionId="57507ac9-1b88-4200-85e2-3864dc6a6f70" testListId="8c84fa94-04c1-424b-9868-57a2d4851a1d" />
    <TestEntry testId="46031641-a35a-bdfd-01a3-1a3ee6440020" executionId="9fd6944d-63ec-4b01-8d89-37c708f9409f" testListId="8c84fa94-04c1-424b-9868-57a2d4851a1d" />
    <TestEntry testId="7264c2e2-eb00-6cb4-29a7-44d95c304d10" executionId="afa21a50-eed7-4e56-ab3a-ade40114c41b" testListId="8c84fa94-04c1-424b-9868-57a2d4851a1d" />
    <TestEntry testId="037a6fcb-c2da-537e-dc0c-578202470c6b" executionId="8ac66ae6-8c5b-44e3-8f24-0fa5bfd8b012" testListId="8c84fa94-04c1-424b-9868-57a2d4851a1d" />
    <TestEntry testId="9656c69e-fece-3117-f721-8242f57b5b74" executionId="3261c395-108e-4e75-9fe6-3eabf8b2f38f" testListId="8c84fa94-04c1-424b-9868-57a2d4851a1d" />
  </TestEntries>
  <TestLists>
    <TestList name="Results Not in a List" id="8c84fa94-04c1-424b-9868-57a2d4851a1d" />
    <TestList name="All Loaded Results" id="19431567-8539-422a-85d7-44ee4e166bda" />
  </TestLists>
  <ResultSummary outcome="Completed">
    <Counters total="7" executed="7" passed="7" failed="0" error="0" timeout="0" aborted="0" inconclusive="0" passedButRunAborted="0" notRunnable="0" notExecuted="0" disconnected="0" warning="0" completed="0" inProgress="0" pending="0" />
    <Output>
      <StdOut>[xUnit.net 00:00:00.00] xUnit.net VSTest Adapter v3.1.4+50e68bbb8b (64-bit .NET 10.0.11)&#xD;
[xUnit.net 00:00:03.76]   Discovering: SoftwareManagement.Architecture.Tests&#xD;
[xUnit.net 00:00:03.81]   Discovered:  SoftwareManagement.Architecture.Tests&#xD;
[xUnit.net 00:00:03.84]   Starting:    SoftwareManagement.Architecture.Tests&#xD;
[xUnit.net 00:00:04.15]   Finished:    SoftwareManagement.Architecture.Tests&#xD;
</StdOut>
    </Output>
  </ResultSummary>
</TestRun>