<?xml version="1.0" encoding="utf-8"?>
<TestRun id="befde63f-7ade-4acb-b49a-48952a645882" name="jsrkm@JSRKMANISHKUMAR 2026-09-08 06:59:54" runUser="JSRKMANISHKUMAR\jsrkm" xmlns="http://microsoft.com/schemas/VisualStudio/TeamTest/2010">
  <Times creation="2026-09-08T06:59:54.2934399+05:30" queuing="2026-09-08T06:59:54.2934402+05:30" start="2026-09-08T06:59:53.1977482+05:30" finish="2026-09-08T06:59:54.2991193+05:30" />
  <TestSettings name="default" id="558d65dc-01cd-49eb-9ba9-dfb4718a352b">
    <Deployment runDeploymentRoot="jsrkm_JSRKMANISHKUMAR_2026-09-08_06_59_54" />
  </TestSettings>
  <Results>
    <UnitTestResult executionId="85f1bc9e-9072-4b5f-b654-0de70230b22c" testId="0705d2c6-252b-ca0c-b9b2-95fdc017adc0" testName="SoftwareManagement.Domain.Tests.Common.AuditableEntityTests.IsTransient_ReturnsTrue_WhenIdIsEmpty" computerName="JSRKMANISHKUMAR" duration="00:00:00.0008632" startTime="2026-09-08T06:59:54.1651405+05:30" endTime="2026-09-08T06:59:54.1652134+05:30" testType="13cdc9d9-ddb5-4fa4-a97d-d965ccfc6d4b" outcome="Passed" testListId="8c84fa94-04c1-424b-9868-57a2d4851a1d" relativeResultsDirectory="85f1bc9e-9072-4b5f-b654-0de70230b22c" />
    <UnitTestResult executionId="391a6890-acf1-4568-b69f-66bab59cbcd3" testId="4203bcb5-533a-c8ae-5eca-60450b6a089e" testName="SoftwareManagement.Domain.Tests.Common.AuditableEntityTests.IsTransient_ReturnsFalse_WhenIdIsAssigned" computerName="JSRKMANISHKUMAR" duration="00:00:00.0004660" startTime="2026-09-08T06:59:54.1653627+05:30" endTime="2026-09-08T06:59:54.1654138+05:30" testType="13cdc9d9-ddb5-4fa4-a97d-d965ccfc6d4b" outcome="Passed" testListId="8c84fa94-04c1-424b-9868-57a2d4851a1d" relativeResultsDirectory="391a6890-acf1-4568-b69f-66bab59cbcd3" />
    <UnitTestResult executionId="b69831ca-7ad9-44d0-9ea7-76bc0c7a18fc" testId="33811d45-0734-f7f1-cea0-2dddabe12026" testName="SoftwareManagement.Domain.Tests.Common.AuditableEntityTests.RowVersion_IsNeverNull_SoConcurrencyChecksCannotThrow" computerName="JSRKMANISHKUMAR" duration="00:00:00.0047101" startTime="2026-09-08T06:59:54.1640050+05:30" endTime="2026-09-08T06:59:54.1640963+05:30" testType="13cdc9d9-ddb5-4fa4-a97d-d965ccfc6d4b" outcome="Passed" testListId="8c84fa94-04c1-424b-9868-57a2d4851a1d" relativeResultsDirectory="b69831ca-7ad9-44d0-9ea7-76bc0c7a18fc" />
    <UnitTestResult executionId="f497e4f0-6bee-4123-82b2-e636d9928fd5" testId="f3ea42a8-f813-a8e9-351a-a681e03e1486" testName="SoftwareManagement.Domain.Tests.Common.AuditableEntityTests.NewEntity_HasNoModificationStamp" computerName="JSRKMANISHKUMAR" duration="00:00:00.0187950" startTime="2026-09-08T06:59:54.1215716+05:30" endTime="2026-09-08T06:59:54.1503218+05:30" testType="13cdc9d9-ddb5-4fa4-a97d-d965ccfc6d4b" outcome="Passed" testListId="8c84fa94-04c1-424b-9868-57a2d4851a1d" relativeResultsDirectory="f497e4f0-6bee-4123-82b2-e636d9928fd5" />
  </Results>
  <TestDefinitions>
    <UnitTest name="SoftwareManagement.Domain.Tests.Common.AuditableEntityTests.NewEntity_HasNoModificationStamp" storage="g:\software-management\backend\tests\softwaremanagement.domain.tests\bin\release\net10.0\softwaremanagement.domain.tests.dll" id="f3ea42a8-f813-a8e9-351a-a681e03e1486">
      <Execution id="f497e4f0-6bee-4123-82b2-e636d9928fd5" />
      <TestMethod codeBase="G:\software-management\backend\tests\SoftwareManagement.Domain.Tests\bin\Release\net10.0\SoftwareManagement.Domain.Tests.dll" adapterTypeName="executor://xunit/VsTestRunner3/netcore/" className="SoftwareManagement.Domain.Tests.Common.AuditableEntityTests" name="NewEntity_HasNoModificationStamp" />
    </UnitTest>
    <UnitTest name="SoftwareManagement.Domain.Tests.Common.AuditableEntityTests.IsTransient_ReturnsTrue_WhenIdIsEmpty" storage="g:\software-management\backend\tests\softwaremanagement.domain.tests\bin\release\net10.0\softwaremanagement.domain.tests.dll" id="0705d2c6-252b-ca0c-b9b2-95fdc017adc0">
      <Execution id="85f1bc9e-9072-4b5f-b654-0de70230b22c" />
      <TestMethod codeBase="G:\software-management\backend\tests\SoftwareManagement.Domain.Tests\bin\Release\net10.0\SoftwareManagement.Domain.Tests.dll" adapterTypeName="executor://xunit/VsTestRunner3/netcore/" className="SoftwareManagement.Domain.Tests.Common.AuditableEntityTests" name="IsTransient_ReturnsTrue_WhenIdIsEmpty" />
    </UnitTest>
    <UnitTest name="SoftwareManagement.Domain.Tests.Common.AuditableEntityTests.IsTransient_ReturnsFalse_WhenIdIsAssigned" storage="g:\software-management\backend\tests\softwaremanagement.domain.tests\bin\release\net10.0\softwaremanagement.domain.tests.dll" id="4203bcb5-533a-c8ae-5eca-60450b6a089e">
      <Execution id="391a6890-acf1-4568-b69f-66bab59cbcd3" />
      <TestMethod codeBase="G:\software-management\backend\tests\SoftwareManagement.Domain.Tests\bin\Release\net10.0\SoftwareManagement.Domain.Tests.dll" adapterTypeName="executor://xunit/VsTestRunner3/netcore/" className="SoftwareManagement.Domain.Tests.Common.AuditableEntityTests" name="IsTransient_ReturnsFalse_WhenIdIsAssigned" />
    </UnitTest>
    <UnitTest name="SoftwareManagement.Domain.Tests.Common.AuditableEntityTests.RowVersion_IsNeverNull_SoConcurrencyChecksCannotThrow" storage="g:\software-management\backend\tests\softwaremanagement.domain.tests\bin\release\net10.0\softwaremanagement.domain.tests.dll" id="33811d45-0734-f7f1-cea0-2dddabe12026">
      <Execution id="b69831ca-7ad9-44d0-9ea7-76bc0c7a18fc" />
      <TestMethod codeBase="G:\software-management\backend\tests\SoftwareManagement.Domain.Tests\bin\Release\net10.0\SoftwareManagement.Domain.Tests.dll" adapterTypeName="executor://xunit/VsTestRunner3/netcore/" className="SoftwareManagement.Domain.Tests.Common.AuditableEntityTests" name="RowVersion_IsNeverNull_SoConcurrencyChecksCannotThrow" />
    </UnitTest>
  </TestDefinitions>
  <TestEntries>
    <TestEntry testId="0705d2c6-252b-ca0c-b9b2-95fdc017adc0" executionId="85f1bc9e-9072-4b5f-b654-0de70230b22c" testListId="8c84fa94-04c1-424b-9868-57a2d4851a1d" />
    <TestEntry testId="4203bcb5-533a-c8ae-5eca-60450b6a089e" executionId="391a6890-acf1-4568-b69f-66bab59cbcd3" testListId="8c84fa94-04c1-424b-9868-57a2d4851a1d" />
    <TestEntry testId="33811d45-0734-f7f1-cea0-2dddabe12026" executionId="b69831ca-7ad9-44d0-9ea7-76bc0c7a18fc" testListId="8c84fa94-04c1-424b-9868-57a2d4851a1d" />
    <TestEntry testId="f3ea42a8-f813-a8e9-351a-a681e03e1486" executionId="f497e4f0-6bee-4123-82b2-e636d9928fd5" testListId="8c84fa94-04c1-424b-9868-57a2d4851a1d" />
  </TestEntries>
  <TestLists>
    <TestList name="Results Not in a List" id="8c84fa94-04c1-424b-9868-57a2d4851a1d" />
    <TestList name="All Loaded Results" id="19431567-8539-422a-85d7-44ee4e166bda" />
  </TestLists>
  <ResultSummary outcome="Completed">
    <Counters total="4" executed="4" passed="4" failed="0" error="0" timeout="0" aborted="0" inconclusive="0" passedButRunAborted="0" notRunnable="0" notExecuted="0" disconnected="0" warning="0" completed="0" inProgress="0" pending="0" />
    <Output>
      <StdOut>[xUnit.net 00:00:00.00] xUnit.net VSTest Adapter v3.1.4+50e68bbb8b (64-bit .NET 10.0.11)&#xD;
[xUnit.net 00:00:00.19]   Discovering: SoftwareManagement.Domain.Tests&#xD;
[xUnit.net 00:00:00.24]   Discovered:  SoftwareManagement.Domain.Tests&#xD;
[xUnit.net 00:00:00.27]   Starting:    SoftwareManagement.Domain.Tests&#xD;
[xUnit.net 00:00:00.35]   Finished:    SoftwareManagement.Domain.Tests&#xD;
</StdOut>
    </Output>
  </ResultSummary>
</TestRun>