<?xml version="1.0" encoding="utf-8"?>
<TestRun id="b40b78b2-ef32-44ef-8425-14c1fcbc1b8f" name="jsrkm@JSRKMANISHKUMAR 2026-09-08 05:55:55" runUser="JSRKMANISHKUMAR\jsrkm" xmlns="http://microsoft.com/schemas/VisualStudio/TeamTest/2010">
  <Times creation="2026-09-08T05:55:55.9071136+05:30" queuing="2026-09-08T05:55:55.9071140+05:30" start="2026-09-08T05:55:32.8355507+05:30" finish="2026-09-08T05:55:57.0519648+05:30" />
  <TestSettings name="default" id="bc489be3-54e9-498e-b59d-4b4999fee52f">
    <Deployment runDeploymentRoot="jsrkm_JSRKMANISHKUMAR_2026-09-08_05_55_55" />
  </TestSettings>
  <Results>
    <UnitTestResult executionId="7c5851ba-9a51-48b8-91ac-ad385f0b36da" testId="08351177-d710-4c67-897f-ff7aba5eadea" testName="SoftwareManagement.Api.IntegrationTests.ReadinessTests.MigrationsHistory_ContainsTheInitialMigration_SoTheSchemaIsBuiltFromMigrationsAlone" computerName="JSRKMANISHKUMAR" duration="00:00:00.0082688" startTime="2026-09-08T05:55:56.5997383+05:30" endTime="2026-09-08T05:55:56.6218632+05:30" testType="13cdc9d9-ddb5-4fa4-a97d-d965ccfc6d4b" outcome="Passed" testListId="8c84fa94-04c1-424b-9868-57a2d4851a1d" relativeResultsDirectory="7c5851ba-9a51-48b8-91ac-ad385f0b36da" />
    <UnitTestResult executionId="64b04129-7928-40ba-99b4-e7a753a58728" testId="58853ba1-246c-9947-d3c2-9d812e5a0016" testName="SoftwareManagement.Api.IntegrationTests.InfrastructureRegistrationTests.AddInfrastructure_RegistersTheDbContextAndTheClock" computerName="JSRKMANISHKUMAR" duration="00:00:00.0043914" startTime="2026-09-08T05:55:55.8941730+05:30" endTime="2026-09-08T05:55:55.8943378+05:30" testType="13cdc9d9-ddb5-4fa4-a97d-d965ccfc6d4b" outcome="Passed" testListId="8c84fa94-04c1-424b-9868-57a2d4851a1d" relativeResultsDirectory="64b04129-7928-40ba-99b4-e7a753a58728" />
    <UnitTestResult executionId="1f16319c-4db3-4051-88f2-930c08b871bb" testId="47a6939e-eed9-59bc-303f-527912e03665" testName="SoftwareManagement.Api.IntegrationTests.ReadinessTests.Model_HasNoPendingChanges_SoTheDatabaseMatchesTheCode" computerName="JSRKMANISHKUMAR" duration="00:00:00.0238109" startTime="2026-09-08T05:55:47.1479541+05:30" endTime="2026-09-08T05:55:56.5084253+05:30" testType="13cdc9d9-ddb5-4fa4-a97d-d965ccfc6d4b" outcome="Passed" testListId="8c84fa94-04c1-424b-9868-57a2d4851a1d" relativeResultsDirectory="1f16319c-4db3-4051-88f2-930c08b871bb" />
    <UnitTestResult executionId="dd188260-010c-4f8e-b912-99c928351bfd" testId="29c6d260-cd84-ff3c-82a8-89b2873feef9" testName="SoftwareManagement.Api.IntegrationTests.PipelineTests.PublicPing_IsReachableAnonymously" computerName="JSRKMANISHKUMAR" duration="00:00:00.0138898" startTime="2026-09-08T05:55:56.0075283+05:30" endTime="2026-09-08T05:55:56.0200580+05:30" testType="13cdc9d9-ddb5-4fa4-a97d-d965ccfc6d4b" outcome="Passed" testListId="8c84fa94-04c1-424b-9868-57a2d4851a1d" relativeResultsDirectory="dd188260-010c-4f8e-b912-99c928351bfd" />
    <UnitTestResult executionId="eccb89e5-d7cc-465f-bd7d-54190a479820" testId="a894cfd0-bcc5-5c7c-686d-3565fb0dc6b5" testName="SoftwareManagement.Api.IntegrationTests.PipelineTests.Liveness_Answers200_WithoutTouchingTheDatabase" computerName="JSRKMANISHKUMAR" duration="00:00:00.0165621" startTime="2026-09-08T05:55:55.9895528+05:30" endTime="2026-09-08T05:55:56.0057376+05:30" testType="13cdc9d9-ddb5-4fa4-a97d-d965ccfc6d4b" outcome="Passed" testListId="8c84fa94-04c1-424b-9868-57a2d4851a1d" relativeResultsDirectory="eccb89e5-d7cc-465f-bd7d-54190a479820" />
    <UnitTestResult executionId="bcda0da5-f209-4bd1-a51b-5727aa02aa31" testId="36b625fb-743b-53a8-b934-35c4775d4639" testName="SoftwareManagement.Api.IntegrationTests.InfrastructureRegistrationTests.AddInfrastructure_Throws_WhenTheConnectionStringIsMissing" computerName="JSRKMANISHKUMAR" duration="00:00:00.0120272" startTime="2026-09-08T05:55:55.8967332+05:30" endTime="2026-09-08T05:55:55.8968094+05:30" testType="13cdc9d9-ddb5-4fa4-a97d-d965ccfc6d4b" outcome="Passed" testListId="8c84fa94-04c1-424b-9868-57a2d4851a1d" relativeResultsDirectory="bcda0da5-f209-4bd1-a51b-5727aa02aa31" />
    <UnitTestResult executionId="ec6901f4-1007-4c8d-9d42-0935a983eef0" testId="3618c3b8-74bf-6405-4546-ca16ddd22aca" testName="SoftwareManagement.Api.IntegrationTests.InfrastructureRegistrationTests.SystemClock_ReturnsUtc_NeverLocalTime" computerName="JSRKMANISHKUMAR" duration="00:00:00.0028352" startTime="2026-09-08T05:55:55.8972988+05:30" endTime="2026-09-08T05:55:55.8973661+05:30" testType="13cdc9d9-ddb5-4fa4-a97d-d965ccfc6d4b" outcome="Passed" testListId="8c84fa94-04c1-424b-9868-57a2d4851a1d" relativeResultsDirectory="ec6901f4-1007-4c8d-9d42-0935a983eef0" />
    <UnitTestResult executionId="8b2d1282-f1cf-4c20-a9d0-51826074ef24" testId="2ce37273-daad-409d-f736-1d18af71ab9e" testName="SoftwareManagement.Api.IntegrationTests.ErrorContractTests.UnhandledException_ReturnsRfc9457ProblemDetails_WithATraceIdAndNoStackTrace" computerName="JSRKMANISHKUMAR" duration="00:00:00.0586617" startTime="2026-09-08T05:55:55.9599285+05:30" endTime="2026-09-08T05:55:56.0186614+05:30" testType="13cdc9d9-ddb5-4fa4-a97d-d965ccfc6d4b" outcome="Passed" testListId="8c84fa94-04c1-424b-9868-57a2d4851a1d" relativeResultsDirectory="8b2d1282-f1cf-4c20-a9d0-51826074ef24" />
    <UnitTestResult executionId="18bc0409-0aa4-4b8e-ab7c-2dae9bd6e9ca" testId="fcabc442-49ea-ed54-3d5f-079426aad631" testName="SoftwareManagement.Api.IntegrationTests.PipelineTests.SecurePing_Returns401_ForAnAnonymousCaller" computerName="JSRKMANISHKUMAR" duration="00:00:00.0040320" startTime="2026-09-08T05:55:56.0206689+05:30" endTime="2026-09-08T05:55:56.0245281+05:30" testType="13cdc9d9-ddb5-4fa4-a97d-d965ccfc6d4b" outcome="Passed" testListId="8c84fa94-04c1-424b-9868-57a2d4851a1d" relativeResultsDirectory="18bc0409-0aa4-4b8e-ab7c-2dae9bd6e9ca" />
    <UnitTestResult executionId="d39ed897-dc96-4327-bc71-56f684d8adeb" testId="33e405e1-dace-7f47-bbb0-f632a0a4e6d2" testName="SoftwareManagement.Api.IntegrationTests.InfrastructureRegistrationTests.AddInfrastructure_Throws_WhenTheConnectionStringIsBlank" computerName="JSRKMANISHKUMAR" duration="00:00:00.0068997" startTime="2026-09-08T05:55:55.8960662+05:30" endTime="2026-09-08T05:55:55.8961416+05:30" testType="13cdc9d9-ddb5-4fa4-a97d-d965ccfc6d4b" outcome="Passed" testListId="8c84fa94-04c1-424b-9868-57a2d4851a1d" relativeResultsDirectory="d39ed897-dc96-4327-bc71-56f684d8adeb" />
    <UnitTestResult executionId="45effe0c-c81d-4b8f-83ba-f66ca61199ca" testId="1360d691-9702-517e-6889-732774a3a26b" testName="SoftwareManagement.Api.IntegrationTests.PipelineTests.EveryResponse_CarriesTheRequiredSecurityHeaders" computerName="JSRKMANISHKUMAR" duration="00:00:00.0092146" startTime="2026-09-08T05:55:56.0252187+05:30" endTime="2026-09-08T05:55:56.0382737+05:30" testType="13cdc9d9-ddb5-4fa4-a97d-d965ccfc6d4b" outcome="Passed" testListId="8c84fa94-04c1-424b-9868-57a2d4851a1d" relativeResultsDirectory="45effe0c-c81d-4b8f-83ba-f66ca61199ca" />
    <UnitTestResult executionId="48950e86-d85b-4f29-bc65-d62a407726a7" testId="cb9c3f17-15cd-93b3-0a6d-d91098880341" testName="SoftwareManagement.Api.IntegrationTests.PipelineTests.UnknownRoute_Returns404_AndNeverLeaksAStackTrace" computerName="JSRKMANISHKUMAR" duration="00:00:00.0288334" startTime="2026-09-08T05:55:55.9596885+05:30" endTime="2026-09-08T05:55:55.9887402+05:30" testType="13cdc9d9-ddb5-4fa4-a97d-d965ccfc6d4b" outcome="Passed" testListId="8c84fa94-04c1-424b-9868-57a2d4851a1d" relativeResultsDirectory="48950e86-d85b-4f29-bc65-d62a407726a7" />
    <UnitTestResult executionId="e6af4689-49d2-4591-b2ef-c4124fa11b9d" testId="dbda683e-d922-ff34-7b10-1242be1eddc1" testName="SoftwareManagement.Api.IntegrationTests.ErrorContractTests.DiagnosticsEndpoint_Returns404_WhenItIsNotExplicitlyEnabled" computerName="JSRKMANISHKUMAR" duration="00:00:08.8403810" startTime="2026-09-08T05:55:47.1494345+05:30" endTime="2026-09-08T05:55:55.9579341+05:30" testType="13cdc9d9-ddb5-4fa4-a97d-d965ccfc6d4b" outcome="Passed" testListId="8c84fa94-04c1-424b-9868-57a2d4851a1d" relativeResultsDirectory="e6af4689-49d2-4591-b2ef-c4124fa11b9d" />
    <UnitTestResult executionId="bde094f2-d18b-41f3-8220-841487bf01c7" testId="a1beba10-c274-0de4-e53e-4ffe2592cd47" testName="SoftwareManagement.Api.IntegrationTests.ReadinessTests.Readiness_Answers200_WhenTheDatabaseIsReachable" computerName="JSRKMANISHKUMAR" duration="00:00:00.0160189" startTime="2026-09-08T05:55:56.5090740+05:30" endTime="2026-09-08T05:55:56.5989878+05:30" testType="13cdc9d9-ddb5-4fa4-a97d-d965ccfc6d4b" outcome="Passed" testListId="8c84fa94-04c1-424b-9868-57a2d4851a1d" relativeResultsDirectory="bde094f2-d18b-41f3-8220-841487bf01c7" />
    <UnitTestResult executionId="4ff0295d-2d5e-435b-8177-c5f37d8ce75b" testId="38c2c976-d411-7f6f-0d78-bfd32eb44a8c" testName="SoftwareManagement.Api.IntegrationTests.InfrastructureRegistrationTests.DesignTimeFactory_CreatesAContextSoMigrationsCanBeGeneratedWithoutStartingTheApi" computerName="JSRKMANISHKUMAR" duration="00:00:08.7461336" startTime="2026-09-08T05:55:47.1493828+05:30" endTime="2026-09-08T05:55:55.8660201+05:30" testType="13cdc9d9-ddb5-4fa4-a97d-d965ccfc6d4b" outcome="Passed" testListId="8c84fa94-04c1-424b-9868-57a2d4851a1d" relativeResultsDirectory="4ff0295d-2d5e-435b-8177-c5f37d8ce75b" />
    <UnitTestResult executionId="9588f580-70e6-4f58-ab69-d77a1c6e0687" testId="05ad373a-5793-c0f7-c0dd-664a84b0500d" testName="SoftwareManagement.Api.IntegrationTests.PipelineTests.SecurePing_Returns401_ForAGarbageToken" computerName="JSRKMANISHKUMAR" duration="00:00:08.8365069" startTime="2026-09-08T05:55:47.1494639+05:30" endTime="2026-09-08T05:55:55.9569802+05:30" testType="13cdc9d9-ddb5-4fa4-a97d-d965ccfc6d4b" outcome="Passed" testListId="8c84fa94-04c1-424b-9868-57a2d4851a1d" relativeResultsDirectory="9588f580-70e6-4f58-ab69-d77a1c6e0687" />
    <UnitTestResult executionId="8dd1742d-84ec-4031-9db8-9b63ffb84a43" testId="724ed3d1-5144-f91e-0cb6-e65d0b2a22a2" testName="SoftwareManagement.Api.IntegrationTests.ReadinessTests.AggregateHealth_Answers200_WhenEveryCheckPasses" computerName="JSRKMANISHKUMAR" duration="00:00:00.0046584" startTime="2026-09-08T05:55:56.6224315+05:30" endTime="2026-09-08T05:55:56.6328636+05:30" testType="13cdc9d9-ddb5-4fa4-a97d-d965ccfc6d4b" outcome="Passed" testListId="8c84fa94-04c1-424b-9868-57a2d4851a1d" relativeResultsDirectory="8dd1742d-84ec-4031-9db8-9b63ffb84a43" />
  </Results>
  <TestDefinitions>
    <UnitTest name="SoftwareManagement.Api.IntegrationTests.ErrorContractTests.DiagnosticsEndpoint_Returns404_WhenItIsNotExplicitlyEnabled" storage="g:\software-management\backend\tests\softwaremanagement.api.integrationtests\bin\release\net10.0\softwaremanagement.api.integrationtests.dll" id="dbda683e-d922-ff34-7b10-1242be1eddc1">
      <Execution id="e6af4689-49d2-4591-b2ef-c4124fa11b9d" />
      <TestMethod codeBase="G:\software-management\backend\tests\SoftwareManagement.Api.IntegrationTests\bin\Release\net10.0\SoftwareManagement.Api.IntegrationTests.dll" adapterTypeName="executor://xunit/VsTestRunner3/netcore/" className="SoftwareManagement.Api.IntegrationTests.ErrorContractTests" name="DiagnosticsEndpoint_Returns404_WhenItIsNotExplicitlyEnabled" />
    </UnitTest>
    <UnitTest name="SoftwareManagement.Api.IntegrationTests.PipelineTests.PublicPing_IsReachableAnonymously" storage="g:\software-management\backend\tests\softwaremanagement.api.integrationtests\bin\release\net10.0\softwaremanagement.api.integrationtests.dll" id="29c6d260-cd84-ff3c-82a8-89b2873feef9">
      <Execution id="dd188260-010c-4f8e-b912-99c928351bfd" />
      <TestMethod codeBase="G:\software-management\backend\tests\SoftwareManagement.Api.IntegrationTests\bin\Release\net10.0\SoftwareManagement.Api.IntegrationTests.dll" adapterTypeName="executor://xunit/VsTestRunner3/netcore/" className="SoftwareManagement.Api.IntegrationTests.PipelineTests" name="PublicPing_IsReachableAnonymously" />
    </UnitTest>
    <UnitTest name="SoftwareManagement.Api.IntegrationTests.ReadinessTests.Readiness_Answers200_WhenTheDatabaseIsReachable" storage="g:\software-management\backend\tests\softwaremanagement.api.integrationtests\bin\release\net10.0\softwaremanagement.api.integrationtests.dll" id="a1beba10-c274-0de4-e53e-4ffe2592cd47">
      <Execution id="bde094f2-d18b-41f3-8220-841487bf01c7" />
      <TestMethod codeBase="G:\software-management\backend\tests\SoftwareManagement.Api.IntegrationTests\bin\Release\net10.0\SoftwareManagement.Api.IntegrationTests.dll" adapterTypeName="executor://xunit/VsTestRunner3/netcore/" className="SoftwareManagement.Api.IntegrationTests.ReadinessTests" name="Readiness_Answers200_WhenTheDatabaseIsReachable" />
    </UnitTest>
    <UnitTest name="SoftwareManagement.Api.IntegrationTests.InfrastructureRegistrationTests.AddInfrastructure_Throws_WhenTheConnectionStringIsMissing" storage="g:\software-management\backend\tests\softwaremanagement.api.integrationtests\bin\release\net10.0\softwaremanagement.api.integrationtests.dll" id="36b625fb-743b-53a8-b934-35c4775d4639">
      <Execution id="bcda0da5-f209-4bd1-a51b-5727aa02aa31" />
      <TestMethod codeBase="G:\software-management\backend\tests\SoftwareManagement.Api.IntegrationTests\bin\Release\net10.0\SoftwareManagement.Api.IntegrationTests.dll" adapterTypeName="executor://xunit/VsTestRunner3/netcore/" className="SoftwareManagement.Api.IntegrationTests.InfrastructureRegistrationTests" name="AddInfrastructure_Throws_WhenTheConnectionStringIsMissing" />
    </UnitTest>
    <UnitTest name="SoftwareManagement.Api.IntegrationTests.ReadinessTests.AggregateHealth_Answers200_WhenEveryCheckPasses" storage="g:\software-management\backend\tests\softwaremanagement.api.integrationtests\bin\release\net10.0\softwaremanagement.api.integrationtests.dll" id="724ed3d1-5144-f91e-0cb6-e65d0b2a22a2">
      <Execution id="8dd1742d-84ec-4031-9db8-9b63ffb84a43" />
      <TestMethod codeBase="G:\software-management\backend\tests\SoftwareManagement.Api.IntegrationTests\bin\Release\net10.0\SoftwareManagement.Api.IntegrationTests.dll" adapterTypeName="executor://xunit/VsTestRunner3/netcore/" className="SoftwareManagement.Api.IntegrationTests.ReadinessTests" name="AggregateHealth_Answers200_WhenEveryCheckPasses" />
    </UnitTest>
    <UnitTest name="SoftwareManagement.Api.IntegrationTests.ErrorContractTests.UnhandledException_ReturnsRfc9457ProblemDetails_WithATraceIdAndNoStackTrace" storage="g:\software-management\backend\tests\softwaremanagement.api.integrationtests\bin\release\net10.0\softwaremanagement.api.integrationtests.dll" id="2ce37273-daad-409d-f736-1d18af71ab9e">
      <Execution id="8b2d1282-f1cf-4c20-a9d0-51826074ef24" />
      <TestMethod codeBase="G:\software-management\backend\tests\SoftwareManagement.Api.IntegrationTests\bin\Release\net10.0\SoftwareManagement.Api.IntegrationTests.dll" adapterTypeName="executor://xunit/VsTestRunner3/netcore/" className="SoftwareManagement.Api.IntegrationTests.ErrorContractTests" name="UnhandledException_ReturnsRfc9457ProblemDetails_WithATraceIdAndNoStackTrace" />
    </UnitTest>
    <UnitTest name="SoftwareManagement.Api.IntegrationTests.PipelineTests.EveryResponse_CarriesTheRequiredSecurityHeaders" storage="g:\software-management\backend\tests\softwaremanagement.api.integrationtests\bin\release\net10.0\softwaremanagement.api.integrationtests.dll" id="1360d691-9702-517e-6889-732774a3a26b">
      <Execution id="45effe0c-c81d-4b8f-83ba-f66ca61199ca" />
      <TestMethod codeBase="G:\software-management\backend\tests\SoftwareManagement.Api.IntegrationTests\bin\Release\net10.0\SoftwareManagement.Api.IntegrationTests.dll" adapterTypeName="executor://xunit/VsTestRunner3/netcore/" className="SoftwareManagement.Api.IntegrationTests.PipelineTests" name="EveryResponse_CarriesTheRequiredSecurityHeaders" />
    </UnitTest>
    <UnitTest name="SoftwareManagement.Api.IntegrationTests.PipelineTests.Liveness_Answers200_WithoutTouchingTheDatabase" storage="g:\software-management\backend\tests\softwaremanagement.api.integrationtests\bin\release\net10.0\softwaremanagement.api.integrationtests.dll" id="a894cfd0-bcc5-5c7c-686d-3565fb0dc6b5">
      <Execution id="eccb89e5-d7cc-465f-bd7d-54190a479820" />
      <TestMethod codeBase="G:\software-management\backend\tests\SoftwareManagement.Api.IntegrationTests\bin\Release\net10.0\SoftwareManagement.Api.IntegrationTests.dll" adapterTypeName="executor://xunit/VsTestRunner3/netcore/" className="SoftwareManagement.Api.IntegrationTests.PipelineTests" name="Liveness_Answers200_WithoutTouchingTheDatabase" />
    </UnitTest>
    <UnitTest name="SoftwareManagement.Api.IntegrationTests.ReadinessTests.Model_HasNoPendingChanges_SoTheDatabaseMatchesTheCode" storage="g:\software-management\backend\tests\softwaremanagement.api.integrationtests\bin\release\net10.0\softwaremanagement.api.integrationtests.dll" id="47a6939e-eed9-59bc-303f-527912e03665">
      <Execution id="1f16319c-4db3-4051-88f2-930c08b871bb" />
      <TestMethod codeBase="G:\software-management\backend\tests\SoftwareManagement.Api.IntegrationTests\bin\Release\net10.0\SoftwareManagement.Api.IntegrationTests.dll" adapterTypeName="executor://xunit/VsTestRunner3/netcore/" className="SoftwareManagement.Api.IntegrationTests.ReadinessTests" name="Model_HasNoPendingChanges_SoTheDatabaseMatchesTheCode" />
    </UnitTest>
    <UnitTest name="SoftwareManagement.Api.IntegrationTests.InfrastructureRegistrationTests.AddInfrastructure_Throws_WhenTheConnectionStringIsBlank" storage="g:\software-management\backend\tests\softwaremanagement.api.integrationtests\bin\release\net10.0\softwaremanagement.api.integrationtests.dll" id="33e405e1-dace-7f47-bbb0-f632a0a4e6d2">
      <Execution id="d39ed897-dc96-4327-bc71-56f684d8adeb" />
      <TestMethod codeBase="G:\software-management\backend\tests\SoftwareManagement.Api.IntegrationTests\bin\Release\net10.0\SoftwareManagement.Api.IntegrationTests.dll" adapterTypeName="executor://xunit/VsTestRunner3/netcore/" className="SoftwareManagement.Api.IntegrationTests.InfrastructureRegistrationTests" name="AddInfrastructure_Throws_WhenTheConnectionStringIsBlank" />
    </UnitTest>
    <UnitTest name="SoftwareManagement.Api.IntegrationTests.InfrastructureRegistrationTests.DesignTimeFactory_CreatesAContextSoMigrationsCanBeGeneratedWithoutStartingTheApi" storage="g:\software-management\backend\tests\softwaremanagement.api.integrationtests\bin\release\net10.0\softwaremanagement.api.integrationtests.dll" id="38c2c976-d411-7f6f-0d78-bfd32eb44a8c">
      <Execution id="4ff0295d-2d5e-435b-8177-c5f37d8ce75b" />
      <TestMethod codeBase="G:\software-management\backend\tests\SoftwareManagement.Api.IntegrationTests\bin\Release\net10.0\SoftwareManagement.Api.IntegrationTests.dll" adapterTypeName="executor://xunit/VsTestRunner3/netcore/" className="SoftwareManagement.Api.IntegrationTests.InfrastructureRegistrationTests" name="DesignTimeFactory_CreatesAContextSoMigrationsCanBeGeneratedWithoutStartingTheApi" />
    </UnitTest>
    <UnitTest name="SoftwareManagement.Api.IntegrationTests.PipelineTests.UnknownRoute_Returns404_AndNeverLeaksAStackTrace" storage="g:\software-management\backend\tests\softwaremanagement.api.integrationtests\bin\release\net10.0\softwaremanagement.api.integrationtests.dll" id="cb9c3f17-15cd-93b3-0a6d-d91098880341">
      <Execution id="48950e86-d85b-4f29-bc65-d62a407726a7" />
      <TestMethod codeBase="G:\software-management\backend\tests\SoftwareManagement.Api.IntegrationTests\bin\Release\net10.0\SoftwareManagement.Api.IntegrationTests.dll" adapterTypeName="executor://xunit/VsTestRunner3/netcore/" className="SoftwareManagement.Api.IntegrationTests.PipelineTests" name="UnknownRoute_Returns404_AndNeverLeaksAStackTrace" />
    </UnitTest>
    <UnitTest name="SoftwareManagement.Api.IntegrationTests.PipelineTests.SecurePing_Returns401_ForAGarbageToken" storage="g:\software-management\backend\tests\softwaremanagement.api.integrationtests\bin\release\net10.0\softwaremanagement.api.integrationtests.dll" id="05ad373a-5793-c0f7-c0dd-664a84b0500d">
      <Execution id="9588f580-70e6-4f58-ab69-d77a1c6e0687" />
      <TestMethod codeBase="G:\software-management\backend\tests\SoftwareManagement.Api.IntegrationTests\bin\Release\net10.0\SoftwareManagement.Api.IntegrationTests.dll" adapterTypeName="executor://xunit/VsTestRunner3/netcore/" className="SoftwareManagement.Api.IntegrationTests.PipelineTests" name="SecurePing_Returns401_ForAGarbageToken" />
    </UnitTest>
    <UnitTest name="SoftwareManagement.Api.IntegrationTests.PipelineTests.SecurePing_Returns401_ForAnAnonymousCaller" storage="g:\software-management\backend\tests\softwaremanagement.api.integrationtests\bin\release\net10.0\softwaremanagement.api.integrationtests.dll" id="fcabc442-49ea-ed54-3d5f-079426aad631">
      <Execution id="18bc0409-0aa4-4b8e-ab7c-2dae9bd6e9ca" />
      <TestMethod codeBase="G:\software-management\backend\tests\SoftwareManagement.Api.IntegrationTests\bin\Release\net10.0\SoftwareManagement.Api.IntegrationTests.dll" adapterTypeName="executor://xunit/VsTestRunner3/netcore/" className="SoftwareManagement.Api.IntegrationTests.PipelineTests" name="SecurePing_Returns401_ForAnAnonymousCaller" />
    </UnitTest>
    <UnitTest name="SoftwareManagement.Api.IntegrationTests.InfrastructureRegistrationTests.SystemClock_ReturnsUtc_NeverLocalTime" storage="g:\software-management\backend\tests\softwaremanagement.api.integrationtests\bin\release\net10.0\softwaremanagement.api.integrationtests.dll" id="3618c3b8-74bf-6405-4546-ca16ddd22aca">
      <Execution id="ec6901f4-1007-4c8d-9d42-0935a983eef0" />
      <TestMethod codeBase="G:\software-management\backend\tests\SoftwareManagement.Api.IntegrationTests\bin\Release\net10.0\SoftwareManagement.Api.IntegrationTests.dll" adapterTypeName="executor://xunit/VsTestRunner3/netcore/" className="SoftwareManagement.Api.IntegrationTests.InfrastructureRegistrationTests" name="SystemClock_ReturnsUtc_NeverLocalTime" />
    </UnitTest>
    <UnitTest name="SoftwareManagement.Api.IntegrationTests.InfrastructureRegistrationTests.AddInfrastructure_RegistersTheDbContextAndTheClock" storage="g:\software-management\backend\tests\softwaremanagement.api.integrationtests\bin\release\net10.0\softwaremanagement.api.integrationtests.dll" id="58853ba1-246c-9947-d3c2-9d812e5a0016">
      <Execution id="64b04129-7928-40ba-99b4-e7a753a58728" />
      <TestMethod codeBase="G:\software-management\backend\tests\SoftwareManagement.Api.IntegrationTests\bin\Release\net10.0\SoftwareManagement.Api.IntegrationTests.dll" adapterTypeName="executor://xunit/VsTestRunner3/netcore/" className="SoftwareManagement.Api.IntegrationTests.InfrastructureRegistrationTests" name="AddInfrastructure_RegistersTheDbContextAndTheClock" />
    </UnitTest>
    <UnitTest name="SoftwareManagement.Api.IntegrationTests.ReadinessTests.MigrationsHistory_ContainsTheInitialMigration_SoTheSchemaIsBuiltFromMigrationsAlone" storage="g:\software-management\backend\tests\softwaremanagement.api.integrationtests\bin\release\net10.0\softwaremanagement.api.integrationtests.dll" id="08351177-d710-4c67-897f-ff7aba5eadea">
      <Execution id="7c5851ba-9a51-48b8-91ac-ad385f0b36da" />
      <TestMethod codeBase="G:\software-management\backend\tests\SoftwareManagement.Api.IntegrationTests\bin\Release\net10.0\SoftwareManagement.Api.IntegrationTests.dll" adapterTypeName="executor://xunit/VsTestRunner3/netcore/" className="SoftwareManagement.Api.IntegrationTests.ReadinessTests" name="MigrationsHistory_ContainsTheInitialMigration_SoTheSchemaIsBuiltFromMigrationsAlone" />
    </UnitTest>
  </TestDefinitions>
  <TestEntries>
    <TestEntry testId="08351177-d710-4c67-897f-ff7aba5eadea" executionId="7c5851ba-9a51-48b8-91ac-ad385f0b36da" testListId="8c84fa94-04c1-424b-9868-57a2d4851a1d" />
    <TestEntry testId="58853ba1-246c-9947-d3c2-9d812e5a0016" executionId="64b04129-7928-40ba-99b4-e7a753a58728" testListId="8c84fa94-04c1-424b-9868-57a2d4851a1d" />
    <TestEntry testId="47a6939e-eed9-59bc-303f-527912e03665" executionId="1f16319c-4db3-4051-88f2-930c08b871bb" testListId="8c84fa94-04c1-424b-9868-57a2d4851a1d" />
    <TestEntry testId="29c6d260-cd84-ff3c-82a8-89b2873feef9" executionId="dd188260-010c-4f8e-b912-99c928351bfd" testListId="8c84fa94-04c1-424b-9868-57a2d4851a1d" />
    <TestEntry testId="a894cfd0-bcc5-5c7c-686d-3565fb0dc6b5" executionId="eccb89e5-d7cc-465f-bd7d-54190a479820" testListId="8c84fa94-04c1-424b-9868-57a2d4851a1d" />
    <TestEntry testId="36b625fb-743b-53a8-b934-35c4775d4639" executionId="bcda0da5-f209-4bd1-a51b-5727aa02aa31" testListId="8c84fa94-04c1-424b-9868-57a2d4851a1d" />
    <TestEntry testId="3618c3b8-74bf-6405-4546-ca16ddd22aca" executionId="ec6901f4-1007-4c8d-9d42-0935a983eef0" testListId="8c84fa94-04c1-424b-9868-57a2d4851a1d" />
    <TestEntry testId="2ce37273-daad-409d-f736-1d18af71ab9e" executionId="8b2d1282-f1cf-4c20-a9d0-51826074ef24" testListId="8c84fa94-04c1-424b-9868-57a2d4851a1d" />
    <TestEntry testId="fcabc442-49ea-ed54-3d5f-079426aad631" executionId="18bc0409-0aa4-4b8e-ab7c-2dae9bd6e9ca" testListId="8c84fa94-04c1-424b-9868-57a2d4851a1d" />
    <TestEntry testId="33e405e1-dace-7f47-bbb0-f632a0a4e6d2" executionId="d39ed897-dc96-4327-bc71-56f684d8adeb" testListId="8c84fa94-04c1-424b-9868-57a2d4851a1d" />
    <TestEntry testId="1360d691-9702-517e-6889-732774a3a26b" executionId="45effe0c-c81d-4b8f-83ba-f66ca61199ca" testListId="8c84fa94-04c1-424b-9868-57a2d4851a1d" />
    <TestEntry testId="cb9c3f17-15cd-93b3-0a6d-d91098880341" executionId="48950e86-d85b-4f29-bc65-d62a407726a7" testListId="8c84fa94-04c1-424b-9868-57a2d4851a1d" />
    <TestEntry testId="dbda683e-d922-ff34-7b10-1242be1eddc1" executionId="e6af4689-49d2-4591-b2ef-c4124fa11b9d" testListId="8c84fa94-04c1-424b-9868-57a2d4851a1d" />
    <TestEntry testId="a1beba10-c274-0de4-e53e-4ffe2592cd47" executionId="bde094f2-d18b-41f3-8220-841487bf01c7" testListId="8c84fa94-04c1-424b-9868-57a2d4851a1d" />
    <TestEntry testId="38c2c976-d411-7f6f-0d78-bfd32eb44a8c" executionId="4ff0295d-2d5e-435b-8177-c5f37d8ce75b" testListId="8c84fa94-04c1-424b-9868-57a2d4851a1d" />
    <TestEntry testId="05ad373a-5793-c0f7-c0dd-664a84b0500d" executionId="9588f580-70e6-4f58-ab69-d77a1c6e0687" testListId="8c84fa94-04c1-424b-9868-57a2d4851a1d" />
    <TestEntry testId="724ed3d1-5144-f91e-0cb6-e65d0b2a22a2" executionId="8dd1742d-84ec-4031-9db8-9b63ffb84a43" testListId="8c84fa94-04c1-424b-9868-57a2d4851a1d" />
  </TestEntries>
  <TestLists>
    <TestList name="Results Not in a List" id="8c84fa94-04c1-424b-9868-57a2d4851a1d" />
    <TestList name="All Loaded Results" id="19431567-8539-422a-85d7-44ee4e166bda" />
  </TestLists>
  <ResultSummary outcome="Completed">
    <Counters total="17" executed="17" passed="17" failed="0" error="0" timeout="0" aborted="0" inconclusive="0" passedButRunAborted="0" notRunnable="0" notExecuted="0" disconnected="0" warning="0" completed="0" inProgress="0" pending="0" />
    <Output>
      <StdOut>[xUnit.net 00:00:00.00] xUnit.net VSTest Adapter v3.1.4+50e68bbb8b (64-bit .NET 10.0.11)&#xD;
[xUnit.net 00:00:12.54]   Discovering: SoftwareManagement.Api.IntegrationTests&#xD;
[xUnit.net 00:00:12.60]   Discovered:  SoftwareManagement.Api.IntegrationTests&#xD;
[xUnit.net 00:00:12.63]   Starting:    SoftwareManagement.Api.IntegrationTests&#xD;
[xUnit.net 00:00:22.18]   Finished:    SoftwareManagement.Api.IntegrationTests&#xD;
</StdOut>
    </Output>
    <CollectorDataEntries>
      <Collector agentName="JSRKMANISHKUMAR" uri="datacollector://microsoft/CoverletCodeCoverage/1.0" collectorDisplayName="XPlat code coverage">
        <UriAttachments>
          <UriAttachment>
            <A href="JSRKMANISHKUMAR\coverage.cobertura.xml"></A>
          </UriAttachment>
        </UriAttachments>
      </Collector>
    </CollectorDataEntries>
  </ResultSummary>
</TestRun>